{"id": "npc_china_guardian", "cond": "S", "input_vertices": 38497, "input_faces": 49684, "target_frac": 0.5, "target": 24842, "faces": 24842, "reached": true, "passes": 1, "seconds": 0.34, "boundary_edges_after_weld": 14962, "components": 1017, "hausdorff_max_pct": 0.287, "hausdorff_mean_pct": 0.0171}
{"id": "npc_china_guardian", "cond": "S", "input_vertices": 38497, "input_faces": 49684, "target_frac": 0.25, "target": 12421, "faces": 12421, "reached": true, "passes": 1, "seconds": 0.51, "boundary_edges_after_weld": 12248, "components": 1446, "hausdorff_max_pct": 0.4773, "hausdorff_mean_pct": 0.042}
{"id": "npc_china_guardian", "cond": "S", "input_vertices": 38497, "input_faces": 49684, "target_frac": 0.125, "target": 6210, "faces": 6210, "reached": true, "passes": 1, "seconds": 0.58, "boundary_edges_after_weld": 8904, "components": 1533, "hausdorff_max_pct": 1.4372, "hausdorff_mean_pct": 0.0939}
{"id": "npc_china_guardian", "cond": "S", "input_vertices": 38497, "input_faces": 49684, "target_frac": 0.0625, "target": 3105, "faces": 3284, "reached": false, "passes": 3, "seconds": 0.66, "boundary_edges_after_weld": 6328, "components": 1586, "hausdorff_max_pct": 3.0611, "hausdorff_mean_pct": 0.2619}
{"id": "npc_china_guardian", "cond": "W", "input_vertices": 24664, "input_faces": 49684, "target_frac": 0.5, "target": 24842, "faces": 24842, "reached": true, "passes": 1, "seconds": 0.31, "boundary_edges_after_weld": 0, "components": 1, "hausdorff_max_pct": 0.2732, "hausdorff_mean_pct": 0.0218}
{"id": "npc_china_guardian", "cond": "W", "input_vertices": 24664, "input_faces": 49684, "target_frac": 0.25, "target": 12421, "faces": 12420, "reached": true, "passes": 1, "seconds": 0.46, "boundary_edges_after_weld": 0, "components": 1, "hausdorff_max_pct": 0.7368, "hausdorff_mean_pct": 0.0508}
{"id": "npc_china_guardian", "cond": "W", "input_vertices": 24664, "input_faces": 49684, "target_frac": 0.125, "target": 6210, "faces": 6210, "reached": true, "passes": 1, "seconds": 0.56, "boundary_edges_after_weld": 0, "components": 1, "hausdorff_max_pct": 0.8153, "hausdorff_mean_pct": 0.1018}
{"id": "npc_china_guardian", "cond": "W", "input_vertices": 24664, "input_faces": 49684, "target_frac": 0.0625, "target": 3105, "faces": 3104, "reached": true, "passes": 1, "seconds": 0.6, "boundary_edges_after_weld": 0, "components": 1, "hausdorff_max_pct": 1.3023, "hausdorff_mean_pct": 0.1902}
{"id": "npc_china_guardian", "cond": "N", "input_vertices": 24664, "input_faces": 49684, "target_frac": 0.5, "target": 24842, "faces": 24842, "reached": true, "passes": 1, "seconds": 0.46, "boundary_edges_after_weld": 0, "components": 1, "hausdorff_max_pct": 0.6391, "hausdorff_mean_pct": 0.0152}
{"id": "npc_china_guardian", "cond": "N", "input_vertices": 24664, "input_faces": 49684, "target_frac": 0.25, "target": 12421, "faces": 12420, "reached": true, "passes": 1, "seconds": 0.6, "boundary_edges_after_weld": 0, "components": 1, "hausdorff_max_pct": 0.6386, "hausdorff_mean_pct": 0.0338}
{"id": "npc_china_guardian", "cond": "N", "input_vertices": 24664, "input_faces": 49684, "target_frac": 0.125, "target": 6210, "faces": 6210, "reached": true, "passes": 1, "seconds": 0.68, "boundary_edges_after_weld": 0, "components": 4, "hausdorff_max_pct": 1.1413, "hausdorff_mean_pct": 0.0664}
{"id": "npc_china_guardian", "cond": "N", "input_vertices": 24664, "input_faces": 49684, "target_frac": 0.0625, "target": 3105, "faces": 3104, "reached": true, "passes": 1, "seconds": 0.71, "boundary_edges_after_weld": 0, "components": 4, "hausdorff_max_pct": 1.2171, "hausdorff_mean_pct": 0.1279}
{"id": "npc_china_historian", "cond": "S", "input_vertices": 35827, "input_faces": 49818, "target_frac": 0.5, "target": 24909, "faces": 24909, "reached": true, "passes": 1, "seconds": 0.37, "boundary_edges_after_weld": 11953, "components": 722, "hausdorff_max_pct": 0.2615, "hausdorff_mean_pct": 0.015}
{"id": "npc_china_historian", "cond": "S", "input_vertices": 35827, "input_faces": 49818, "target_frac": 0.25, "target": 12454, "faces": 12454, "reached": true, "passes": 1, "seconds": 0.5, "boundary_edges_after_weld": 10202, "components": 1032, "hausdorff_max_pct": 0.5002, "hausdorff_mean_pct": 0.034}
{"id": "npc_china_historian", "cond": "S", "input_vertices": 35827, "input_faces": 49818, "target_frac": 0.125, "target": 6227, "faces": 6227, "reached": true, "passes": 1, "seconds": 0.64, "boundary_edges_after_weld": 7850, "components": 1108, "hausdorff_max_pct": 1.0297, "hausdorff_mean_pct": 0.0718}
{"id": "npc_china_historian", "cond": "S", "input_vertices": 35827, "input_faces": 49818, "target_frac": 0.0625, "target": 3114, "faces": 3114, "reached": true, "passes": 2, "seconds": 0.67, "boundary_edges_after_weld": 5374, "components": 1161, "hausdorff_max_pct": 3.3018, "hausdorff_mean_pct": 0.1996}
{"id": "npc_china_historian", "cond": "W", "input_vertices": 24823, "input_faces": 49818, "target_frac": 0.5, "target": 24909, "faces": 24908, "reached": true, "passes": 1, "seconds": 0.33, "boundary_edges_after_weld": 0, "components": 1, "hausdorff_max_pct": 0.4772, "hausdorff_mean_pct": 0.0179}
{"id": "npc_china_historian", "cond": "W", "input_vertices": 24823, "input_faces": 49818, "target_frac": 0.25, "target": 12454, "faces": 12454, "reached": true, "passes": 1, "seconds": 0.56, "boundary_edges_after_weld": 0, "components": 1, "hausdorff_max_pct": 1.3, "hausdorff_mean_pct": 0.0425}
{"id": "npc_china_historian", "cond": "W", "input_vertices": 24823, "input_faces": 49818, "target_frac": 0.125, "target": 6227, "faces": 6226, "reached": true, "passes": 1, "seconds": 0.53, "boundary_edges_after_weld": 0, "components": 1, "hausdorff_max_pct": 2.1059, "hausdorff_mean_pct": 0.0851}
{"id": "npc_china_historian", "cond": "W", "input_vertices": 24823, "input_faces": 49818, "target_frac": 0.0625, "target": 3114, "faces": 3114, "reached": true, "passes": 1, "seconds": 0.56, "boundary_edges_after_weld": 0, "components": 1, "hausdorff_max_pct": 2.0588, "hausdorff_mean_pct": 0.1543}
{"id": "npc_china_historian", "cond": "N", "input_vertices": 24823, "input_faces": 49818, "target_frac": 0.5, "target": 24909, "faces": 24908, "reached": true, "passes": 1, "seconds": 0.53, "boundary_edges_after_weld": 0, "components": 2, "hausdorff_max_pct": 1.4033, "hausdorff_mean_pct": 0.0121}
{"id": "npc_china_historian", "cond": "N", "input_vertices": 24823, "input_faces": 49818, "target_frac": 0.25, "target": 12454, "faces": 12454, "reached": true, "passes": 1, "seconds": 0.57, "boundary_edges_after_weld": 0, "components": 2, "hausdorff_max_pct": 1.4034, "hausdorff_mean_pct": 0.0265}
{"id": "npc_china_historian", "cond": "N", "input_vertices": 24823, "input_faces": 49818, "target_frac": 0.125, "target": 6227, "faces": 6226, "reached": true, "passes": 1, "seconds": 0.64, "boundary_edges_after_weld": 0, "components": 7, "hausdorff_max_pct": 1.99, "hausdorff_mean_pct": 0.0484}
{"id": "npc_china_historian", "cond": "N", "input_vertices": 24823, "input_faces": 49818, "target_frac": 0.0625, "target": 3114, "faces": 3114, "reached": true, "passes": 1, "seconds": 0.66, "boundary_edges_after_weld": 0, "components": 3, "hausdorff_max_pct": 3.5156, "hausdorff_mean_pct": 0.097}
{"id": "npc_egypt_guardian", "cond": "S", "input_vertices": 36992, "input_faces": 49880, "target_frac": 0.5, "target": 24940, "faces": 24940, "reached": true, "passes": 1, "seconds": 0.35, "boundary_edges_after_weld": 13250, "components": 826, "hausdorff_max_pct": 0.3557, "hausdorff_mean_pct": 0.0154}
{"id": "npc_egypt_guardian", "cond": "S", "input_vertices": 36992, "input_faces": 49880, "target_frac": 0.25, "target": 12470, "faces": 12470, "reached": true, "passes": 1, "seconds": 0.47, "boundary_edges_after_weld": 10934, "components": 1164, "hausdorff_max_pct": 0.4384, "hausdorff_mean_pct": 0.0386}
{"id": "npc_egypt_guardian", "cond": "S", "input_vertices": 36992, "input_faces": 49880, "target_frac": 0.125, "target": 6235, "faces": 6235, "reached": true, "passes": 1, "seconds": 0.53, "boundary_edges_after_weld": 8281, "components": 1248, "hausdorff_max_pct": 1.0668, "hausdorff_mean_pct": 0.083}
{"id": "npc_egypt_guardian", "cond": "S", "input_vertices": 36992, "input_faces": 49880, "target_frac": 0.0625, "target": 3118, "faces": 3118, "reached": true, "passes": 2, "seconds": 0.59, "boundary_edges_after_weld": 5619, "components": 1293, "hausdorff_max_pct": 2.6192, "hausdorff_mean_pct": 0.215}
{"id": "npc_egypt_guardian", "cond": "W", "input_vertices": 24874, "input_faces": 49880, "target_frac": 0.5, "target": 24940, "faces": 24940, "reached": true, "passes": 1, "seconds": 0.35, "boundary_edges_after_weld": 0, "components": 1, "hausdorff_max_pct": 0.3975, "hausdorff_mean_pct": 0.0188}
{"id": "npc_egypt_guardian", "cond": "W", "input_vertices": 24874, "input_faces": 49880, "target_frac": 0.25, "target": 12470, "faces": 12470, "reached": true, "passes": 1, "seconds": 0.48, "boundary_edges_after_weld": 0, "components": 1, "hausdorff_max_pct": 0.5395, "hausdorff_mean_pct": 0.0467}
{"id": "npc_egypt_guardian", "cond": "W", "input_vertices": 24874, "input_faces": 49880, "target_frac": 0.125, "target": 6235, "faces": 6234, "reached": true, "passes": 1, "seconds": 0.58, "boundary_edges_after_weld": 0, "components": 1, "hausdorff_max_pct": 0.7564, "hausdorff_mean_pct": 0.095}
{"id": "npc_egypt_guardian", "cond": "W", "input_vertices": 24874, "input_faces": 49880, "target_frac": 0.0625, "target": 3118, "faces": 3118, "reached": true, "passes": 1, "seconds": 0.59, "boundary_edges_after_weld": 0, "components": 1, "hausdorff_max_pct": 1.3531, "hausdorff_mean_pct": 0.1658}
{"id": "npc_egypt_guardian", "cond": "N", "input_vertices": 24874, "input_faces": 49880, "target_frac": 0.5, "target": 24940, "faces": 24940, "reached": true, "passes": 1, "seconds": 0.45, "boundary_edges_after_weld": 0, "components": 3, "hausdorff_max_pct": 0.3738, "hausdorff_mean_pct": 0.0125}
{"id": "npc_egypt_guardian", "cond": "N", "input_vertices": 24874, "input_faces": 49880, "target_frac": 0.25, "target": 12470, "faces": 12470, "reached": true, "passes": 1, "seconds": 0.59, "boundary_edges_after_weld": 0, "components": 6, "hausdorff_max_pct": 0.5835, "hausdorff_mean_pct": 0.029}
{"id": "npc_egypt_guardian", "cond": "N", "input_vertices": 24874, "input_faces": 49880, "target_frac": 0.125, "target": 6235, "faces": 6234, "reached": true, "passes": 1, "seconds": 0.67, "boundary_edges_after_weld": 0, "components": 8, "hausdorff_max_pct": 1.2092, "hausdorff_mean_pct": 0.0615}
{"id": "npc_egypt_guardian", "cond": "N", "input_vertices": 24874, "input_faces": 49880, "target_frac": 0.0625, "target": 3118, "faces": 3118, "reached": true, "passes": 1, "seconds": 0.66, "boundary_edges_after_weld": 0, "components": 2, "hausdorff_max_pct": 2.9661, "hausdorff_mean_pct": 0.1137}
{"id": "npc_egypt_priest", "cond": "S", "input_vertices": 35683, "input_faces": 49774, "target_frac": 0.5, "target": 24887, "faces": 24887, "reached": true, "passes": 1, "seconds": 0.4, "boundary_edges_after_weld": 11697, "components": 595, "hausdorff_max_pct": 0.2836, "hausdorff_mean_pct": 0.0141}
{"id": "npc_egypt_priest", "cond": "S", "input_vertices": 35683, "input_faces": 49774, "target_frac": 0.25, "target": 12444, "faces": 12443, "reached": true, "passes": 1, "seconds": 0.52, "boundary_edges_after_weld": 9995, "components": 955, "hausdorff_max_pct": 0.3898, "hausdorff_mean_pct": 0.0339}
{"id": "npc_egypt_priest", "cond": "S", "input_vertices": 35683, "input_faces": 49774, "target_frac": 0.125, "target": 6222, "faces": 6222, "reached": true, "passes": 1, "seconds": 0.58, "boundary_edges_after_weld": 7748, "components": 1046, "hausdorff_max_pct": 0.8198, "hausdorff_mean_pct": 0.0709}
{"id": "npc_egypt_priest", "cond": "S", "input_vertices": 35683, "input_faces": 49774, "target_frac": 0.0625, "target": 3111, "faces": 3111, "reached": true, "passes": 2, "seconds": 0.63, "boundary_edges_after_weld": 5200, "components": 1092, "hausdorff_max_pct": 2.1533, "hausdorff_mean_pct": 0.1832}
{"id": "npc_egypt_priest", "cond": "W", "input_vertices": 24833, "input_faces": 49774, "target_frac": 0.5, "target": 24887, "faces": 24886, "reached": true, "passes": 1, "seconds": 0.37, "boundary_edges_after_weld": 0, "components": 2, "hausdorff_max_pct": 0.3958, "hausdorff_mean_pct": 0.0154}
{"id": "npc_egypt_priest", "cond": "W", "input_vertices": 24833, "input_faces": 49774, "target_frac": 0.25, "target": 12444, "faces": 12444, "reached": true, "passes": 1, "seconds": 0.51, "boundary_edges_after_weld": 0, "components": 2, "hausdorff_max_pct": 0.5514, "hausdorff_mean_pct": 0.0375}
{"id": "npc_egypt_priest", "cond": "W", "input_vertices": 24833, "input_faces": 49774, "target_frac": 0.125, "target": 6222, "faces": 6222, "reached": true, "passes": 1, "seconds": 0.54, "boundary_edges_after_weld": 0, "components": 2, "hausdorff_max_pct": 0.6889, "hausdorff_mean_pct": 0.08}
{"id": "npc_egypt_priest", "cond": "W", "input_vertices": 24833, "input_faces": 49774, "target_frac": 0.0625, "target": 3111, "faces": 3110, "reached": true, "passes": 1, "seconds": 0.57, "boundary_edges_after_weld": 0, "components": 2, "hausdorff_max_pct": 1.0931, "hausdorff_mean_pct": 0.1432}
{"id": "npc_egypt_priest", "cond": "N", "input_vertices": 24833, "input_faces": 49774, "target_frac": 0.5, "target": 24887, "faces": 24886, "reached": true, "passes": 1, "seconds": 0.43, "boundary_edges_after_weld": 0, "components": 2, "hausdorff_max_pct": 0.3254, "hausdorff_mean_pct": 0.0103}
{"id": "npc_egypt_priest", "cond": "N", "input_vertices": 24833, "input_faces": 49774, "target_frac": 0.25, "target": 12444, "faces": 12444, "reached": true, "passes": 1, "seconds": 0.55, "boundary_edges_after_weld": 0, "components": 2, "hausdorff_max_pct": 0.454, "hausdorff_mean_pct": 0.023}
{"id": "npc_egypt_priest", "cond": "N", "input_vertices": 24833, "input_faces": 49774, "target_frac": 0.125, "target": 6222, "faces": 6222, "reached": true, "passes": 1, "seconds": 0.66, "boundary_edges_after_weld": 0, "components": 2, "hausdorff_max_pct": 0.5496, "hausdorff_mean_pct": 0.0431}
{"id": "npc_egypt_priest", "cond": "N", "input_vertices": 24833, "input_faces": 49774, "target_frac": 0.0625, "target": 3111, "faces": 3110, "reached": true, "passes": 1, "seconds": 0.67, "boundary_edges_after_weld": 0, "components": 2, "hausdorff_max_pct": 1.1919, "hausdorff_mean_pct": 0.0839}
{"id": "npc_egypt_scribe", "cond": "S", "input_vertices": 36645, "input_faces": 49656, "target_frac": 0.5, "target": 24828, "faces": 24827, "reached": true, "passes": 1, "seconds": 0.34, "boundary_edges_after_weld": 12801, "components": 782, "hausdorff_max_pct": 0.2703, "hausdorff_mean_pct": 0.015}
{"id": "npc_egypt_scribe", "cond": "S", "input_vertices": 36645, "input_faces": 49656, "target_frac": 0.25, "target": 12414, "faces": 12413, "reached": true, "passes": 1, "seconds": 0.48, "boundary_edges_after_weld": 10944, "components": 1149, "hausdorff_max_pct": 0.5503, "hausdorff_mean_pct": 0.0361}
{"id": "npc_egypt_scribe", "cond": "S", "input_vertices": 36645, "input_faces": 49656, "target_frac": 0.125, "target": 6207, "faces": 6207, "reached": true, "passes": 1, "seconds": 0.61, "boundary_edges_after_weld": 8345, "components": 1235, "hausdorff_max_pct": 0.8358, "hausdorff_mean_pct": 0.076}
{"id": "npc_egypt_scribe", "cond": "S", "input_vertices": 36645, "input_faces": 49656, "target_frac": 0.0625, "target": 3104, "faces": 3104, "reached": true, "passes": 2, "seconds": 0.68, "boundary_edges_after_weld": 5614, "components": 1286, "hausdorff_max_pct": 3.5163, "hausdorff_mean_pct": 0.1949}
{"id": "npc_egypt_scribe", "cond": "W", "input_vertices": 24718, "input_faces": 49656, "target_frac": 0.5, "target": 24828, "faces": 24828, "reached": true, "passes": 1, "seconds": 0.33, "boundary_edges_after_weld": 0, "components": 4, "hausdorff_max_pct": 0.3667, "hausdorff_mean_pct": 0.0178}
{"id": "npc_egypt_scribe", "cond": "W", "input_vertices": 24718, "input_faces": 49656, "target_frac": 0.25, "target": 12414, "faces": 12414, "reached": true, "passes": 1, "seconds": 0.48, "boundary_edges_after_weld": 0, "components": 4, "hausdorff_max_pct": 0.505, "hausdorff_mean_pct": 0.044}
{"id": "npc_egypt_scribe", "cond": "W", "input_vertices": 24718, "input_faces": 49656, "target_frac": 0.125, "target": 6207, "faces": 6206, "reached": true, "passes": 1, "seconds": 0.54, "boundary_edges_after_weld": 0, "components": 4, "hausdorff_max_pct": 0.8134, "hausdorff_mean_pct": 0.0902}
{"id": "npc_egypt_scribe", "cond": "W", "input_vertices": 24718, "input_faces": 49656, "target_frac": 0.0625, "target": 3104, "faces": 3104, "reached": true, "passes": 1, "seconds": 0.56, "boundary_edges_after_weld": 0, "components": 4, "hausdorff_max_pct": 1.3849, "hausdorff_mean_pct": 0.1715}
{"id": "npc_egypt_scribe", "cond": "N", "input_vertices": 24718, "input_faces": 49656, "target_frac": 0.5, "target": 24828, "faces": 24828, "reached": true, "passes": 1, "seconds": 0.42, "boundary_edges_after_weld": 0, "components": 4, "hausdorff_max_pct": 0.776, "hausdorff_mean_pct": 0.0135}
{"id": "npc_egypt_scribe", "cond": "N", "input_vertices": 24718, "input_faces": 49656, "target_frac": 0.25, "target": 12414, "faces": 12414, "reached": true, "passes": 1, "seconds": 0.57, "boundary_edges_after_weld": 0, "components": 4, "hausdorff_max_pct": 1.0173, "hausdorff_mean_pct": 0.0283}
{"id": "npc_egypt_scribe", "cond": "N", "input_vertices": 24718, "input_faces": 49656, "target_frac": 0.125, "target": 6207, "faces": 6206, "reached": true, "passes": 1, "seconds": 0.63, "boundary_edges_after_weld": 0, "components": 6, "hausdorff_max_pct": 2.5384, "hausdorff_mean_pct": 0.0533}
{"id": "npc_egypt_scribe", "cond": "N", "input_vertices": 24718, "input_faces": 49656, "target_frac": 0.0625, "target": 3104, "faces": 3104, "reached": true, "passes": 1, "seconds": 0.67, "boundary_edges_after_weld": 0, "components": 9, "hausdorff_max_pct": 2.5426, "hausdorff_mean_pct": 0.1002}
{"id": "npc_greece_guardian", "cond": "S", "input_vertices": 37883, "input_faces": 49900, "target_frac": 0.5, "target": 24950, "faces": 24949, "reached": true, "passes": 1, "seconds": 0.34, "boundary_edges_after_weld": 14128, "components": 930, "hausdorff_max_pct": 0.266, "hausdorff_mean_pct": 0.0137}
{"id": "npc_greece_guardian", "cond": "S", "input_vertices": 37883, "input_faces": 49900, "target_frac": 0.25, "target": 12475, "faces": 12475, "reached": true, "passes": 1, "seconds": 0.48, "boundary_edges_after_weld": 11741, "components": 1391, "hausdorff_max_pct": 0.4282, "hausdorff_mean_pct": 0.034}
{"id": "npc_greece_guardian", "cond": "S", "input_vertices": 37883, "input_faces": 49900, "target_frac": 0.125, "target": 6238, "faces": 6238, "reached": true, "passes": 1, "seconds": 0.58, "boundary_edges_after_weld": 8824, "components": 1453, "hausdorff_max_pct": 1.067, "hausdorff_mean_pct": 0.0789}
{"id": "npc_greece_guardian", "cond": "S", "input_vertices": 37883, "input_faces": 49900, "target_frac": 0.0625, "target": 3119, "faces": 3131, "reached": true, "passes": 2, "seconds": 0.65, "boundary_edges_after_weld": 6103, "components": 1539, "hausdorff_max_pct": 2.5175, "hausdorff_mean_pct": 0.2332}
{"id": "npc_greece_guardian", "cond": "W", "input_vertices": 24862, "input_faces": 49900, "target_frac": 0.5, "target": 24950, "faces": 24950, "reached": true, "passes": 1, "seconds": 0.37, "boundary_edges_after_weld": 0, "components": 2, "hausdorff_max_pct": 0.2409, "hausdorff_mean_pct": 0.0183}
{"id": "npc_greece_guardian", "cond": "W", "input_vertices": 24862, "input_faces": 49900, "target_frac": 0.25, "target": 12475, "faces": 12474, "reached": true, "passes": 1, "seconds": 0.54, "boundary_edges_after_weld": 0, "components": 2, "hausdorff_max_pct": 0.3948, "hausdorff_mean_pct": 0.0434}
{"id": "npc_greece_guardian", "cond": "W", "input_vertices": 24862, "input_faces": 49900, "target_frac": 0.125, "target": 6238, "faces": 6238, "reached": true, "passes": 1, "seconds": 0.54, "boundary_edges_after_weld": 0, "components": 2, "hausdorff_max_pct": 0.7381, "hausdorff_mean_pct": 0.0861}
{"id": "npc_greece_guardian", "cond": "W", "input_vertices": 24862, "input_faces": 49900, "target_frac": 0.0625, "target": 3119, "faces": 3118, "reached": true, "passes": 1, "seconds": 0.64, "boundary_edges_after_weld": 0, "components": 2, "hausdorff_max_pct": 1.1377, "hausdorff_mean_pct": 0.1506}
{"id": "npc_greece_guardian", "cond": "N", "input_vertices": 24862, "input_faces": 49900, "target_frac": 0.5, "target": 24950, "faces": 24950, "reached": true, "passes": 1, "seconds": 0.44, "boundary_edges_after_weld": 0, "components": 3, "hausdorff_max_pct": 0.3809, "hausdorff_mean_pct": 0.0129}
{"id": "npc_greece_guardian", "cond": "N", "input_vertices": 24862, "input_faces": 49900, "target_frac": 0.25, "target": 12475, "faces": 12474, "reached": true, "passes": 1, "seconds": 0.57, "boundary_edges_after_weld": 0, "components": 3, "hausdorff_max_pct": 0.4758, "hausdorff_mean_pct": 0.0281}
{"id": "npc_greece_guardian", "cond": "N", "input_vertices": 24862, "input_faces": 49900, "target_frac": 0.125, "target": 6238, "faces": 6238, "reached": true, "passes": 1, "seconds": 0.65, "boundary_edges_after_weld": 0, "components": 3, "hausdorff_max_pct": 0.5819, "hausdorff_mean_pct": 0.0529}
{"id": "npc_greece_guardian", "cond": "N", "input_vertices": 24862, "input_faces": 49900, "target_frac": 0.0625, "target": 3119, "faces": 3118, "reached": true, "passes": 1, "seconds": 0.67, "boundary_edges_after_weld": 0, "components": 2, "hausdorff_max_pct": 4.0483, "hausdorff_mean_pct": 0.1027}
{"id": "npc_greece_historian", "cond": "S", "input_vertices": 38784, "input_faces": 49850, "target_frac": 0.5, "target": 24925, "faces": 24925, "reached": true, "passes": 1, "seconds": 0.36, "boundary_edges_after_weld": 14719, "components": 1117, "hausdorff_max_pct": 0.401, "hausdorff_mean_pct": 0.0166}
{"id": "npc_greece_historian", "cond": "S", "input_vertices": 38784, "input_faces": 49850, "target_frac": 0.25, "target": 12462, "faces": 12461, "reached": true, "passes": 1, "seconds": 0.51, "boundary_edges_after_weld": 11918, "components": 1498, "hausdorff_max_pct": 0.4531, "hausdorff_mean_pct": 0.04}
{"id": "npc_greece_historian", "cond": "S", "input_vertices": 38784, "input_faces": 49850, "target_frac": 0.125, "target": 6231, "faces": 6231, "reached": true, "passes": 1, "seconds": 0.62, "boundary_edges_after_weld": 9206, "components": 1586, "hausdorff_max_pct": 1.9535, "hausdorff_mean_pct": 0.0939}
{"id": "npc_greece_historian", "cond": "S", "input_vertices": 38784, "input_faces": 49850, "target_frac": 0.0625, "target": 3116, "faces": 3328, "reached": false, "passes": 3, "seconds": 0.68, "boundary_edges_after_weld": 6588, "components": 1668, "hausdorff_max_pct": 4.1239, "hausdorff_mean_pct": 0.2694}
{"id": "npc_greece_historian", "cond": "W", "input_vertices": 24763, "input_faces": 49850, "target_frac": 0.5, "target": 24925, "faces": 24924, "reached": true, "passes": 1, "seconds": 0.35, "boundary_edges_after_weld": 0, "components": 1, "hausdorff_max_pct": 0.5215, "hausdorff_mean_pct": 0.0217}
{"id": "npc_greece_historian", "cond": "W", "input_vertices": 24763, "input_faces": 49850, "target_frac": 0.25, "target": 12462, "faces": 12462, "reached": true, "passes": 1, "seconds": 0.48, "boundary_edges_after_weld": 0, "components": 1, "hausdorff_max_pct": 0.9845, "hausdorff_mean_pct": 0.0511}
{"id": "npc_greece_historian", "cond": "W", "input_vertices": 24763, "input_faces": 49850, "target_frac": 0.125, "target": 6231, "faces": 6230, "reached": true, "passes": 1, "seconds": 0.56, "boundary_edges_after_weld": 0, "components": 1, "hausdorff_max_pct": 1.0853, "hausdorff_mean_pct": 0.1034}
{"id": "npc_greece_historian", "cond": "W", "input_vertices": 24763, "input_faces": 49850, "target_frac": 0.0625, "target": 3116, "faces": 3116, "reached": true, "passes": 1, "seconds": 0.58, "boundary_edges_after_weld": 0, "components": 1, "hausdorff_max_pct": 1.6844, "hausdorff_mean_pct": 0.1973}
{"id": "npc_greece_historian", "cond": "N", "input_vertices": 24763, "input_faces": 49850, "target_frac": 0.5, "target": 24925, "faces": 24924, "reached": true, "passes": 1, "seconds": 0.44, "boundary_edges_after_weld": 0, "components": 4, "hausdorff_max_pct": 0.935, "hausdorff_mean_pct": 0.0161}
{"id": "npc_greece_historian", "cond": "N", "input_vertices": 24763, "input_faces": 49850, "target_frac": 0.25, "target": 12462, "faces": 12462, "reached": true, "passes": 1, "seconds": 0.58, "boundary_edges_after_weld": 0, "components": 9, "hausdorff_max_pct": 1.4221, "hausdorff_mean_pct": 0.0384}
{"id": "npc_greece_historian", "cond": "N", "input_vertices": 24763, "input_faces": 49850, "target_frac": 0.125, "target": 6231, "faces": 6230, "reached": true, "passes": 1, "seconds": 0.64, "boundary_edges_after_weld": 0, "components": 5, "hausdorff_max_pct": 1.6617, "hausdorff_mean_pct": 0.0675}
{"id": "npc_greece_historian", "cond": "N", "input_vertices": 24763, "input_faces": 49850, "target_frac": 0.0625, "target": 3116, "faces": 3116, "reached": true, "passes": 1, "seconds": 0.7, "boundary_edges_after_weld": 0, "components": 2, "hausdorff_max_pct": 1.6958, "hausdorff_mean_pct": 0.1139}
{"id": "npc_greece_sage", "cond": "S", "input_vertices": 37302, "input_faces": 49832, "target_frac": 0.5, "target": 24916, "faces": 24916, "reached": true, "passes": 1, "seconds": 0.34, "boundary_edges_after_weld": 13538, "components": 853, "hausdorff_max_pct": 0.3595, "hausdorff_mean_pct": 0.0169}
{"id": "npc_greece_sage", "cond": "S", "input_vertices": 37302, "input_faces": 49832, "target_frac": 0.25, "target": 12458, "faces": 12457, "reached": true, "passes": 1, "seconds": 0.52, "boundary_edges_after_weld": 11114, "components": 1189, "hausdorff_max_pct": 0.5021, "hausdorff_mean_pct": 0.0403}
{"id": "npc_greece_sage", "cond": "S", "input_vertices": 37302, "input_faces": 49832, "target_frac": 0.125, "target": 6229, "faces": 6229, "reached": true, "passes": 1, "seconds": 0.57, "boundary_edges_after_weld": 8411, "components": 1261, "hausdorff_max_pct": 1.2202, "hausdorff_mean_pct": 0.0873}
{"id": "npc_greece_sage", "cond": "S", "input_vertices": 37302, "input_faces": 49832, "target_frac": 0.0625, "target": 3114, "faces": 3114, "reached": true, "passes": 2, "seconds": 0.65, "boundary_edges_after_weld": 5639, "components": 1304, "hausdorff_max_pct": 2.7075, "hausdorff_mean_pct": 0.2411}
{"id": "npc_greece_sage", "cond": "W", "input_vertices": 24766, "input_faces": 49832, "target_frac": 0.5, "target": 24916, "faces": 24916, "reached": true, "passes": 1, "seconds": 0.36, "boundary_edges_after_weld": 0, "components": 1, "hausdorff_max_pct": 0.4983, "hausdorff_mean_pct": 0.0211}
{"id": "npc_greece_sage", "cond": "W", "input_vertices": 24766, "input_faces": 49832, "target_frac": 0.25, "target": 12458, "faces": 12458, "reached": true, "passes": 1, "seconds": 0.51, "boundary_edges_after_weld": 0, "components": 1, "hausdorff_max_pct": 0.8298, "hausdorff_mean_pct": 0.0511}
{"id": "npc_greece_sage", "cond": "W", "input_vertices": 24766, "input_faces": 49832, "target_frac": 0.125, "target": 6229, "faces": 6228, "reached": true, "passes": 1, "seconds": 0.55, "boundary_edges_after_weld": 0, "components": 1, "hausdorff_max_pct": 1.4978, "hausdorff_mean_pct": 0.1053}
{"id": "npc_greece_sage", "cond": "W", "input_vertices": 24766, "input_faces": 49832, "target_frac": 0.0625, "target": 3114, "faces": 3114, "reached": true, "passes": 1, "seconds": 0.58, "boundary_edges_after_weld": 0, "components": 1, "hausdorff_max_pct": 2.1377, "hausdorff_mean_pct": 0.2026}
{"id": "npc_greece_sage", "cond": "N", "input_vertices": 24766, "input_faces": 49832, "target_frac": 0.5, "target": 24916, "faces": 24916, "reached": true, "passes": 1, "seconds": 0.44, "boundary_edges_after_weld": 0, "components": 1, "hausdorff_max_pct": 0.8218, "hausdorff_mean_pct": 0.0157}
{"id": "npc_greece_sage", "cond": "N", "input_vertices": 24766, "input_faces": 49832, "target_frac": 0.25, "target": 12458, "faces": 12458, "reached": true, "passes": 1, "seconds": 0.56, "boundary_edges_after_weld": 0, "components": 2, "hausdorff_max_pct": 1.5686, "hausdorff_mean_pct": 0.0352}
{"id": "npc_greece_sage", "cond": "N", "input_vertices": 24766, "input_faces": 49832, "target_frac": 0.125, "target": 6229, "faces": 6228, "reached": true, "passes": 1, "seconds": 0.65, "boundary_edges_after_weld": 0, "components": 1, "hausdorff_max_pct": 2.455, "hausdorff_mean_pct": 0.0679}
{"id": "npc_greece_sage", "cond": "N", "input_vertices": 24766, "input_faces": 49832, "target_frac": 0.0625, "target": 3114, "faces": 3114, "reached": true, "passes": 1, "seconds": 0.68, "boundary_edges_after_weld": 0, "components": 1, "hausdorff_max_pct": 2.4384, "hausdorff_mean_pct": 0.121}
{"id": "npc_rome_engineer", "cond": "S", "input_vertices": 42648, "input_faces": 48658, "target_frac": 0.5, "target": 24329, "faces": 24328, "reached": true, "passes": 1, "seconds": 0.37, "boundary_edges_after_weld": 17886, "components": 1859, "hausdorff_max_pct": 0.502, "hausdorff_mean_pct": 0.0188}
{"id": "npc_rome_engineer", "cond": "S", "input_vertices": 42648, "input_faces": 48658, "target_frac": 0.25, "target": 12164, "faces": 12163, "reached": true, "passes": 1, "seconds": 0.52, "boundary_edges_after_weld": 14989, "components": 2418, "hausdorff_max_pct": 0.9688, "hausdorff_mean_pct": 0.0484}
{"id": "npc_rome_engineer", "cond": "S", "input_vertices": 42648, "input_faces": 48658, "target_frac": 0.125, "target": 6082, "faces": 6082, "reached": true, "passes": 2, "seconds": 0.64, "boundary_edges_after_weld": 11111, "components": 2624, "hausdorff_max_pct": 1.8833, "hausdorff_mean_pct": 0.1308}
{"id": "npc_rome_engineer", "cond": "S", "input_vertices": 42648, "input_faces": 48658, "target_frac": 0.0625, "target": 3041, "faces": 4938, "reached": false, "passes": 3, "seconds": 0.71, "boundary_edges_after_weld": 10126, "components": 2671, "hausdorff_max_pct": 3.7796, "hausdorff_mean_pct": 0.2392}
{"id": "npc_rome_engineer", "cond": "W", "input_vertices": 23609, "input_faces": 48658, "target_frac": 0.5, "target": 24329, "faces": 24328, "reached": true, "passes": 1, "seconds": 0.36, "boundary_edges_after_weld": 0, "components": 1, "hausdorff_max_pct": 0.5804, "hausdorff_mean_pct": 0.0315}
{"id": "npc_rome_engineer", "cond": "W", "input_vertices": 23609, "input_faces": 48658, "target_frac": 0.25, "target": 12164, "faces": 12164, "reached": true, "passes": 1, "seconds": 0.55, "boundary_edges_after_weld": 0, "components": 1, "hausdorff_max_pct": 1.6343, "hausdorff_mean_pct": 0.0835}
{"id": "npc_rome_engineer", "cond": "W", "input_vertices": 23609, "input_faces": 48658, "target_frac": 0.125, "target": 6082, "faces": 6082, "reached": true, "passes": 1, "seconds": 0.6, "boundary_edges_after_weld": 0, "components": 1, "hausdorff_max_pct": 3.0331, "hausdorff_mean_pct": 0.2684}
{"id": "npc_rome_engineer", "cond": "W", "input_vertices": 23609, "input_faces": 48658, "target_frac": 0.0625, "target": 3041, "faces": 3896, "reached": false, "passes": 3, "seconds": 0.91, "boundary_edges_after_weld": 0, "components": 1, "hausdorff_max_pct": 9.7184, "hausdorff_mean_pct": 1.3985}
{"id": "npc_rome_engineer", "cond": "N", "input_vertices": 23609, "input_faces": 48658, "target_frac": 0.5, "target": 24329, "faces": 24328, "reached": true, "passes": 1, "seconds": 0.42, "boundary_edges_after_weld": 0, "components": 21, "hausdorff_max_pct": 1.2735, "hausdorff_mean_pct": 0.0259}
{"id": "npc_rome_engineer", "cond": "N", "input_vertices": 23609, "input_faces": 48658, "target_frac": 0.25, "target": 12164, "faces": 12164, "reached": true, "passes": 1, "seconds": 0.58, "boundary_edges_after_weld": 0, "components": 24, "hausdorff_max_pct": 2.0868, "hausdorff_mean_pct": 0.0625}
{"id": "npc_rome_engineer", "cond": "N", "input_vertices": 23609, "input_faces": 48658, "target_frac": 0.125, "target": 6082, "faces": 6082, "reached": true, "passes": 1, "seconds": 0.65, "boundary_edges_after_weld": 0, "components": 12, "hausdorff_max_pct": 2.8736, "hausdorff_mean_pct": 0.1169}
{"id": "npc_rome_engineer", "cond": "N", "input_vertices": 23609, "input_faces": 48658, "target_frac": 0.0625, "target": 3041, "faces": 3040, "reached": true, "passes": 1, "seconds": 0.67, "boundary_edges_after_weld": 0, "components": 4, "hausdorff_max_pct": 4.054, "hausdorff_mean_pct": 0.204}
{"id": "npc_rome_guardian", "cond": "S", "input_vertices": 38557, "input_faces": 50006, "target_frac": 0.5, "target": 25003, "faces": 25002, "reached": true, "passes": 1, "seconds": 0.34, "boundary_edges_after_weld": 14776, "components": 979, "hausdorff_max_pct": 0.3067, "hausdorff_mean_pct": 0.0184}
{"id": "npc_rome_guardian", "cond": "S", "input_vertices": 38557, "input_faces": 50006, "target_frac": 0.25, "target": 12502, "faces": 12502, "reached": true, "passes": 1, "seconds": 0.49, "boundary_edges_after_weld": 12276, "components": 1419, "hausdorff_max_pct": 0.3942, "hausdorff_mean_pct": 0.0424}
{"id": "npc_rome_guardian", "cond": "S", "input_vertices": 38557, "input_faces": 50006, "target_frac": 0.125, "target": 6251, "faces": 6251, "reached": true, "passes": 1, "seconds": 0.58, "boundary_edges_after_weld": 9056, "components": 1496, "hausdorff_max_pct": 1.5597, "hausdorff_mean_pct": 0.0967}
{"id": "npc_rome_guardian", "cond": "S", "input_vertices": 38557, "input_faces": 50006, "target_frac": 0.0625, "target": 3125, "faces": 3125, "reached": true, "passes": 3, "seconds": 0.69, "boundary_edges_after_weld": 6119, "components": 1549, "hausdorff_max_pct": 2.7317, "hausdorff_mean_pct": 0.2681}
{"id": "npc_rome_guardian", "cond": "W", "input_vertices": 24947, "input_faces": 50006, "target_frac": 0.5, "target": 25003, "faces": 25002, "reached": true, "passes": 1, "seconds": 0.34, "boundary_edges_after_weld": 0, "components": 1, "hausdorff_max_pct": 0.2525, "hausdorff_mean_pct": 0.0239}
{"id": "npc_rome_guardian", "cond": "W", "input_vertices": 24947, "input_faces": 50006, "target_frac": 0.25, "target": 12502, "faces": 12502, "reached": true, "passes": 1, "seconds": 0.48, "boundary_edges_after_weld": 0, "components": 1, "hausdorff_max_pct": 0.4663, "hausdorff_mean_pct": 0.0537}
{"id": "npc_rome_guardian", "cond": "W", "input_vertices": 24947, "input_faces": 50006, "target_frac": 0.125, "target": 6251, "faces": 6250, "reached": true, "passes": 1, "seconds": 0.51, "boundary_edges_after_weld": 0, "components": 1, "hausdorff_max_pct": 0.6813, "hausdorff_mean_pct": 0.0956}
{"id": "npc_rome_guardian", "cond": "W", "input_vertices": 24947, "input_faces": 50006, "target_frac": 0.0625, "target": 3125, "faces": 3124, "reached": true, "passes": 1, "seconds": 0.57, "boundary_edges_after_weld": 0, "components": 1, "hausdorff_max_pct": 1.1041, "hausdorff_mean_pct": 0.1625}
{"id": "npc_rome_guardian", "cond": "N", "input_vertices": 24947, "input_faces": 50006, "target_frac": 0.5, "target": 25003, "faces": 25002, "reached": true, "passes": 1, "seconds": 0.43, "boundary_edges_after_weld": 0, "components": 1, "hausdorff_max_pct": 0.3759, "hausdorff_mean_pct": 0.0172}
{"id": "npc_rome_guardian", "cond": "N", "input_vertices": 24947, "input_faces": 50006, "target_frac": 0.25, "target": 12502, "faces": 12502, "reached": true, "passes": 1, "seconds": 0.55, "boundary_edges_after_weld": 0, "components": 1, "hausdorff_max_pct": 0.5224, "hausdorff_mean_pct": 0.0375}
{"id": "npc_rome_guardian", "cond": "N", "input_vertices": 24947, "input_faces": 50006, "target_frac": 0.125, "target": 6251, "faces": 6250, "reached": true, "passes": 1, "seconds": 0.64, "boundary_edges_after_weld": 0, "components": 1, "hausdorff_max_pct": 1.0314, "hausdorff_mean_pct": 0.0694}
{"id": "npc_rome_guardian", "cond": "N", "input_vertices": 24947, "input_faces": 50006, "target_frac": 0.0625, "target": 3125, "faces": 3124, "reached": true, "passes": 1, "seconds": 0.67, "boundary_edges_after_weld": 0, "components": 1, "hausdorff_max_pct": 1.1958, "hausdorff_mean_pct": 0.1216}
{"id": "npc_rome_senator", "cond": "S", "input_vertices": 36850, "input_faces": 49930, "target_frac": 0.5, "target": 24965, "faces": 24965, "reached": true, "passes": 1, "seconds": 0.35, "boundary_edges_after_weld": 12883, "components": 722, "hausdorff_max_pct": 0.3165, "hausdorff_mean_pct": 0.0169}
{"id": "npc_rome_senator", "cond": "S", "input_vertices": 36850, "input_faces": 49930, "target_frac": 0.25, "target": 12482, "faces": 12482, "reached": true, "passes": 1, "seconds": 0.48, "boundary_edges_after_weld": 10686, "components": 1043, "hausdorff_max_pct": 0.4571, "hausdorff_mean_pct": 0.0394}
{"id": "npc_rome_senator", "cond": "S", "input_vertices": 36850, "input_faces": 49930, "target_frac": 0.125, "target": 6241, "faces": 6241, "reached": true, "passes": 1, "seconds": 0.55, "boundary_edges_after_weld": 8054, "components": 1126, "hausdorff_max_pct": 0.9165, "hausdorff_mean_pct": 0.08}
{"id": "npc_rome_senator", "cond": "S", "input_vertices": 36850, "input_faces": 49930, "target_frac": 0.0625, "target": 3121, "faces": 3121, "reached": true, "passes": 2, "seconds": 0.68, "boundary_edges_after_weld": 5387, "components": 1182, "hausdorff_max_pct": 2.524, "hausdorff_mean_pct": 0.2067}
{"id": "npc_rome_senator", "cond": "W", "input_vertices": 24925, "input_faces": 49930, "target_frac": 0.5, "target": 24965, "faces": 24964, "reached": true, "passes": 1, "seconds": 0.35, "boundary_edges_after_weld": 0, "components": 1, "hausdorff_max_pct": 0.4224, "hausdorff_mean_pct": 0.0194}
{"id": "npc_rome_senator", "cond": "W", "input_vertices": 24925, "input_faces": 49930, "target_frac": 0.25, "target": 12482, "faces": 12482, "reached": true, "passes": 1, "seconds": 0.49, "boundary_edges_after_weld": 0, "components": 1, "hausdorff_max_pct": 0.8906, "hausdorff_mean_pct": 0.045}
{"id": "npc_rome_senator", "cond": "W", "input_vertices": 24925, "input_faces": 49930, "target_frac": 0.125, "target": 6241, "faces": 6240, "reached": true, "passes": 1, "seconds": 0.54, "boundary_edges_after_weld": 0, "components": 1, "hausdorff_max_pct": 1.026, "hausdorff_mean_pct": 0.0869}
{"id": "npc_rome_senator", "cond": "W", "input_vertices": 24925, "input_faces": 49930, "target_frac": 0.0625, "target": 3121, "faces": 3120, "reached": true, "passes": 1, "seconds": 0.55, "boundary_edges_after_weld": 0, "components": 1, "hausdorff_max_pct": 1.0189, "hausdorff_mean_pct": 0.1534}
{"id": "npc_rome_senator", "cond": "N", "input_vertices": 24925, "input_faces": 49930, "target_frac": 0.5, "target": 24965, "faces": 24964, "reached": true, "passes": 1, "seconds": 0.43, "boundary_edges_after_weld": 0, "components": 1, "hausdorff_max_pct": 0.5885, "hausdorff_mean_pct": 0.0133}
{"id": "npc_rome_senator", "cond": "N", "input_vertices": 24925, "input_faces": 49930, "target_frac": 0.25, "target": 12482, "faces": 12482, "reached": true, "passes": 1, "seconds": 0.57, "boundary_edges_after_weld": 0, "components": 1, "hausdorff_max_pct": 0.8876, "hausdorff_mean_pct": 0.0285}
{"id": "npc_rome_senator", "cond": "N", "input_vertices": 24925, "input_faces": 49930, "target_frac": 0.125, "target": 6241, "faces": 6240, "reached": true, "passes": 1, "seconds": 0.64, "boundary_edges_after_weld": 0, "components": 1, "hausdorff_max_pct": 1.1618, "hausdorff_mean_pct": 0.0544}
{"id": "npc_rome_senator", "cond": "N", "input_vertices": 24925, "input_faces": 49930, "target_frac": 0.0625, "target": 3121, "faces": 3120, "reached": true, "passes": 1, "seconds": 0.67, "boundary_edges_after_weld": 0, "components": 1, "hausdorff_max_pct": 1.1881, "hausdorff_mean_pct": 0.1001}
{"id": "npc_trade_guardian", "cond": "S", "input_vertices": 38607, "input_faces": 49676, "target_frac": 0.5, "target": 24838, "faces": 24837, "reached": true, "passes": 1, "seconds": 0.36, "boundary_edges_after_weld": 14993, "components": 1004, "hausdorff_max_pct": 0.3412, "hausdorff_mean_pct": 0.0185}
{"id": "npc_trade_guardian", "cond": "S", "input_vertices": 38607, "input_faces": 49676, "target_frac": 0.25, "target": 12419, "faces": 12418, "reached": true, "passes": 1, "seconds": 0.51, "boundary_edges_after_weld": 12286, "components": 1438, "hausdorff_max_pct": 0.5059, "hausdorff_mean_pct": 0.0442}
{"id": "npc_trade_guardian", "cond": "S", "input_vertices": 38607, "input_faces": 49676, "target_frac": 0.125, "target": 6210, "faces": 6210, "reached": true, "passes": 1, "seconds": 0.65, "boundary_edges_after_weld": 9000, "components": 1522, "hausdorff_max_pct": 1.9268, "hausdorff_mean_pct": 0.1027}
{"id": "npc_trade_guardian", "cond": "S", "input_vertices": 38607, "input_faces": 49676, "target_frac": 0.0625, "target": 3105, "faces": 3270, "reached": false, "passes": 3, "seconds": 0.75, "boundary_edges_after_weld": 6369, "components": 1609, "hausdorff_max_pct": 3.5281, "hausdorff_mean_pct": 0.276}
{"id": "npc_trade_guardian", "cond": "W", "input_vertices": 24680, "input_faces": 49676, "target_frac": 0.5, "target": 24838, "faces": 24838, "reached": true, "passes": 1, "seconds": 0.35, "boundary_edges_after_weld": 0, "components": 1, "hausdorff_max_pct": 0.4918, "hausdorff_mean_pct": 0.0241}
{"id": "npc_trade_guardian", "cond": "W", "input_vertices": 24680, "input_faces": 49676, "target_frac": 0.25, "target": 12419, "faces": 12418, "reached": true, "passes": 1, "seconds": 0.49, "boundary_edges_after_weld": 0, "components": 1, "hausdorff_max_pct": 0.7008, "hausdorff_mean_pct": 0.0562}
{"id": "npc_trade_guardian", "cond": "W", "input_vertices": 24680, "input_faces": 49676, "target_frac": 0.125, "target": 6210, "faces": 6210, "reached": true, "passes": 1, "seconds": 0.54, "boundary_edges_after_weld": 0, "components": 1, "hausdorff_max_pct": 0.9517, "hausdorff_mean_pct": 0.1098}
{"id": "npc_trade_guardian", "cond": "W", "input_vertices": 24680, "input_faces": 49676, "target_frac": 0.0625, "target": 3105, "faces": 3104, "reached": true, "passes": 1, "seconds": 0.56, "boundary_edges_after_weld": 0, "components": 1, "hausdorff_max_pct": 2.2496, "hausdorff_mean_pct": 0.199}
{"id": "npc_trade_guardian", "cond": "N", "input_vertices": 24680, "input_faces": 49676, "target_frac": 0.5, "target": 24838, "faces": 24838, "reached": true, "passes": 1, "seconds": 0.41, "boundary_edges_after_weld": 0, "components": 3, "hausdorff_max_pct": 1.0103, "hausdorff_mean_pct": 0.018}
{"id": "npc_trade_guardian", "cond": "N", "input_vertices": 24680, "input_faces": 49676, "target_frac": 0.25, "target": 12419, "faces": 12418, "reached": true, "passes": 1, "seconds": 0.55, "boundary_edges_after_weld": 0, "components": 2, "hausdorff_max_pct": 1.3896, "hausdorff_mean_pct": 0.0399}
{"id": "npc_trade_guardian", "cond": "N", "input_vertices": 24680, "input_faces": 49676, "target_frac": 0.125, "target": 6210, "faces": 6210, "reached": true, "passes": 1, "seconds": 0.62, "boundary_edges_after_weld": 0, "components": 6, "hausdorff_max_pct": 2.2756, "hausdorff_mean_pct": 0.0817}
{"id": "npc_trade_guardian", "cond": "N", "input_vertices": 24680, "input_faces": 49676, "target_frac": 0.0625, "target": 3105, "faces": 3104, "reached": true, "passes": 1, "seconds": 0.66, "boundary_edges_after_weld": 0, "components": 6, "hausdorff_max_pct": 2.5104, "hausdorff_mean_pct": 0.1401}
{"id": "npc_trade_leader", "cond": "S", "input_vertices": 38756, "input_faces": 49928, "target_frac": 0.5, "target": 24964, "faces": 24963, "reached": true, "passes": 1, "seconds": 0.36, "boundary_edges_after_weld": 15003, "components": 1059, "hausdorff_max_pct": 0.2759, "hausdorff_mean_pct": 0.0189}
{"id": "npc_trade_leader", "cond": "S", "input_vertices": 38756, "input_faces": 49928, "target_frac": 0.25, "target": 12482, "faces": 12482, "reached": true, "passes": 1, "seconds": 0.5, "boundary_edges_after_weld": 12346, "components": 1466, "hausdorff_max_pct": 0.6897, "hausdorff_mean_pct": 0.0452}
{"id": "npc_trade_leader", "cond": "S", "input_vertices": 38756, "input_faces": 49928, "target_frac": 0.125, "target": 6241, "faces": 6241, "reached": true, "passes": 1, "seconds": 0.62, "boundary_edges_after_weld": 9180, "components": 1540, "hausdorff_max_pct": 1.787, "hausdorff_mean_pct": 0.1053}
{"id": "npc_trade_leader", "cond": "S", "input_vertices": 38756, "input_faces": 49928, "target_frac": 0.0625, "target": 3120, "faces": 3122, "reached": true, "passes": 3, "seconds": 0.7, "boundary_edges_after_weld": 6281, "components": 1607, "hausdorff_max_pct": 3.873, "hausdorff_mean_pct": 0.3215}
{"id": "npc_trade_leader", "cond": "W", "input_vertices": 24812, "input_faces": 49928, "target_frac": 0.5, "target": 24964, "faces": 24964, "reached": true, "passes": 1, "seconds": 0.34, "boundary_edges_after_weld": 0, "components": 1, "hausdorff_max_pct": 0.4719, "hausdorff_mean_pct": 0.0243}
{"id": "npc_trade_leader", "cond": "W", "input_vertices": 24812, "input_faces": 49928, "target_frac": 0.25, "target": 12482, "faces": 12482, "reached": true, "passes": 1, "seconds": 0.46, "boundary_edges_after_weld": 0, "components": 1, "hausdorff_max_pct": 0.5645, "hausdorff_mean_pct": 0.0559}
{"id": "npc_trade_leader", "cond": "W", "input_vertices": 24812, "input_faces": 49928, "target_frac": 0.125, "target": 6241, "faces": 6240, "reached": true, "passes": 1, "seconds": 0.55, "boundary_edges_after_weld": 0, "components": 1, "hausdorff_max_pct": 1.1412, "hausdorff_mean_pct": 0.1123}
{"id": "npc_trade_leader", "cond": "W", "input_vertices": 24812, "input_faces": 49928, "target_frac": 0.0625, "target": 3120, "faces": 3120, "reached": true, "passes": 1, "seconds": 0.57, "boundary_edges_after_weld": 0, "components": 1, "hausdorff_max_pct": 1.6143, "hausdorff_mean_pct": 0.2122}
{"id": "npc_trade_leader", "cond": "N", "input_vertices": 24812, "input_faces": 49928, "target_frac": 0.5, "target": 24964, "faces": 24964, "reached": true, "passes": 1, "seconds": 0.42, "boundary_edges_after_weld": 0, "components": 1, "hausdorff_max_pct": 0.4662, "hausdorff_mean_pct": 0.0173}
{"id": "npc_trade_leader", "cond": "N", "input_vertices": 24812, "input_faces": 49928, "target_frac": 0.25, "target": 12482, "faces": 12480, "reached": true, "passes": 1, "seconds": 0.54, "boundary_edges_after_weld": 0, "components": 3, "hausdorff_max_pct": 0.6039, "hausdorff_mean_pct": 0.0378}
{"id": "npc_trade_leader", "cond": "N", "input_vertices": 24812, "input_faces": 49928, "target_frac": 0.125, "target": 6241, "faces": 6240, "reached": true, "passes": 1, "seconds": 0.62, "boundary_edges_after_weld": 0, "components": 4, "hausdorff_max_pct": 0.948, "hausdorff_mean_pct": 0.0724}
{"id": "npc_trade_leader", "cond": "N", "input_vertices": 24812, "input_faces": 49928, "target_frac": 0.0625, "target": 3120, "faces": 3120, "reached": true, "passes": 1, "seconds": 0.66, "boundary_edges_after_weld": 0, "components": 6, "hausdorff_max_pct": 4.2525, "hausdorff_mean_pct": 0.1467}
{"id": "npc_trade_monk", "cond": "S", "input_vertices": 37612, "input_faces": 49428, "target_frac": 0.5, "target": 24714, "faces": 24714, "reached": true, "passes": 1, "seconds": 0.33, "boundary_edges_after_weld": 13720, "components": 992, "hausdorff_max_pct": 0.2896, "hausdorff_mean_pct": 0.02}
{"id": "npc_trade_monk", "cond": "S", "input_vertices": 37612, "input_faces": 49428, "target_frac": 0.25, "target": 12357, "faces": 12357, "reached": true, "passes": 1, "seconds": 0.48, "boundary_edges_after_weld": 11278, "components": 1318, "hausdorff_max_pct": 0.5314, "hausdorff_mean_pct": 0.0442}
{"id": "npc_trade_monk", "cond": "S", "input_vertices": 37612, "input_faces": 49428, "target_frac": 0.125, "target": 6178, "faces": 6178, "reached": true, "passes": 1, "seconds": 0.57, "boundary_edges_after_weld": 8698, "components": 1391, "hausdorff_max_pct": 1.18, "hausdorff_mean_pct": 0.0902}
{"id": "npc_trade_monk", "cond": "S", "input_vertices": 37612, "input_faces": 49428, "target_frac": 0.0625, "target": 3089, "faces": 3089, "reached": true, "passes": 2, "seconds": 0.61, "boundary_edges_after_weld": 5887, "components": 1432, "hausdorff_max_pct": 2.9474, "hausdorff_mean_pct": 0.236}
{"id": "npc_trade_monk", "cond": "W", "input_vertices": 24600, "input_faces": 49428, "target_frac": 0.5, "target": 24714, "faces": 24714, "reached": true, "passes": 1, "seconds": 0.35, "boundary_edges_after_weld": 0, "components": 1, "hausdorff_max_pct": 0.2896, "hausdorff_mean_pct": 0.0236}
{"id": "npc_trade_monk", "cond": "W", "input_vertices": 24600, "input_faces": 49428, "target_frac": 0.25, "target": 12357, "faces": 12356, "reached": true, "passes": 1, "seconds": 0.45, "boundary_edges_after_weld": 0, "components": 1, "hausdorff_max_pct": 0.5698, "hausdorff_mean_pct": 0.0528}
{"id": "npc_trade_monk", "cond": "W", "input_vertices": 24600, "input_faces": 49428, "target_frac": 0.125, "target": 6178, "faces": 6178, "reached": true, "passes": 1, "seconds": 0.53, "boundary_edges_after_weld": 0, "components": 1, "hausdorff_max_pct": 0.8328, "hausdorff_mean_pct": 0.1037}
{"id": "npc_trade_monk", "cond": "W", "input_vertices": 24600, "input_faces": 49428, "target_frac": 0.0625, "target": 3089, "faces": 3088, "reached": true, "passes": 1, "seconds": 0.56, "boundary_edges_after_weld": 0, "components": 1, "hausdorff_max_pct": 1.3486, "hausdorff_mean_pct": 0.1886}
{"id": "npc_trade_monk", "cond": "N", "input_vertices": 24600, "input_faces": 49428, "target_frac": 0.5, "target": 24714, "faces": 24714, "reached": true, "passes": 1, "seconds": 0.41, "boundary_edges_after_weld": 0, "components": 2, "hausdorff_max_pct": 0.2537, "hausdorff_mean_pct": 0.0171}
{"id": "npc_trade_monk", "cond": "N", "input_vertices": 24600, "input_faces": 49428, "target_frac": 0.25, "target": 12357, "faces": 12356, "reached": true, "passes": 1, "seconds": 0.56, "boundary_edges_after_weld": 0, "components": 6, "hausdorff_max_pct": 0.4221, "hausdorff_mean_pct": 0.0362}
{"id": "npc_trade_monk", "cond": "N", "input_vertices": 24600, "input_faces": 49428, "target_frac": 0.125, "target": 6178, "faces": 6178, "reached": true, "passes": 1, "seconds": 0.63, "boundary_edges_after_weld": 0, "components": 6, "hausdorff_max_pct": 1.3132, "hausdorff_mean_pct": 0.0693}
{"id": "npc_trade_monk", "cond": "N", "input_vertices": 24600, "input_faces": 49428, "target_frac": 0.0625, "target": 3089, "faces": 3088, "reached": true, "passes": 1, "seconds": 0.67, "boundary_edges_after_weld": 0, "components": 4, "hausdorff_max_pct": 1.453, "hausdorff_mean_pct": 0.1239}
{"id": "prop_trade_camel_resting", "cond": "S", "input_vertices": 40050, "input_faces": 49976, "target_frac": 0.5, "target": 24988, "faces": 24988, "reached": true, "passes": 1, "seconds": 0.35, "boundary_edges_after_weld": 16059, "components": 1232, "hausdorff_max_pct": 0.2529, "hausdorff_mean_pct": 0.0186}
{"id": "prop_trade_camel_resting", "cond": "S", "input_vertices": 40050, "input_faces": 49976, "target_frac": 0.25, "target": 12494, "faces": 12493, "reached": true, "passes": 1, "seconds": 0.5, "boundary_edges_after_weld": 13179, "components": 1706, "hausdorff_max_pct": 0.5353, "hausdorff_mean_pct": 0.0433}
{"id": "prop_trade_camel_resting", "cond": "S", "input_vertices": 40050, "input_faces": 49976, "target_frac": 0.125, "target": 6247, "faces": 6247, "reached": true, "passes": 1, "seconds": 0.64, "boundary_edges_after_weld": 9630, "components": 1787, "hausdorff_max_pct": 2.2729, "hausdorff_mean_pct": 0.1129}
{"id": "prop_trade_camel_resting", "cond": "S", "input_vertices": 40050, "input_faces": 49976, "target_frac": 0.0625, "target": 3124, "faces": 3622, "reached": false, "passes": 3, "seconds": 0.7, "boundary_edges_after_weld": 7234, "components": 1853, "hausdorff_max_pct": 4.6592, "hausdorff_mean_pct": 0.2832}
{"id": "prop_trade_camel_resting", "cond": "W", "input_vertices": 24718, "input_faces": 49976, "target_frac": 0.5, "target": 24988, "faces": 24988, "reached": true, "passes": 1, "seconds": 0.34, "boundary_edges_after_weld": 0, "components": 1, "hausdorff_max_pct": 0.3765, "hausdorff_mean_pct": 0.024}
{"id": "prop_trade_camel_resting", "cond": "W", "input_vertices": 24718, "input_faces": 49976, "target_frac": 0.25, "target": 12494, "faces": 12494, "reached": true, "passes": 1, "seconds": 0.49, "boundary_edges_after_weld": 0, "components": 1, "hausdorff_max_pct": 0.5548, "hausdorff_mean_pct": 0.0549}
{"id": "prop_trade_camel_resting", "cond": "W", "input_vertices": 24718, "input_faces": 49976, "target_frac": 0.125, "target": 6247, "faces": 6246, "reached": true, "passes": 1, "seconds": 0.58, "boundary_edges_after_weld": 0, "components": 1, "hausdorff_max_pct": 0.6788, "hausdorff_mean_pct": 0.1016}
{"id": "prop_trade_camel_resting", "cond": "W", "input_vertices": 24718, "input_faces": 49976, "target_frac": 0.0625, "target": 3124, "faces": 3124, "reached": true, "passes": 1, "seconds": 0.61, "boundary_edges_after_weld": 0, "components": 1, "hausdorff_max_pct": 1.3951, "hausdorff_mean_pct": 0.2052}
{"id": "prop_trade_camel_resting", "cond": "N", "input_vertices": 24718, "input_faces": 49976, "target_frac": 0.5, "target": 24988, "faces": 24988, "reached": true, "passes": 1, "seconds": 0.43, "boundary_edges_after_weld": 0, "components": 2, "hausdorff_max_pct": 0.444, "hausdorff_mean_pct": 0.0184}
{"id": "prop_trade_camel_resting", "cond": "N", "input_vertices": 24718, "input_faces": 49976, "target_frac": 0.25, "target": 12494, "faces": 12494, "reached": true, "passes": 1, "seconds": 0.59, "boundary_edges_after_weld": 0, "components": 1, "hausdorff_max_pct": 0.5504, "hausdorff_mean_pct": 0.0399}
{"id": "prop_trade_camel_resting", "cond": "N", "input_vertices": 24718, "input_faces": 49976, "target_frac": 0.125, "target": 6247, "faces": 6244, "reached": true, "passes": 1, "seconds": 0.68, "boundary_edges_after_weld": 0, "components": 3, "hausdorff_max_pct": 0.6617, "hausdorff_mean_pct": 0.0727}
{"id": "prop_trade_camel_resting", "cond": "N", "input_vertices": 24718, "input_faces": 49976, "target_frac": 0.0625, "target": 3124, "faces": 3124, "reached": true, "passes": 1, "seconds": 0.7, "boundary_edges_after_weld": 0, "components": 4, "hausdorff_max_pct": 0.9513, "hausdorff_mean_pct": 0.1306}
{"id": "prop_trade_camel_standing", "cond": "S", "input_vertices": 37188, "input_faces": 49998, "target_frac": 0.5, "target": 24999, "faces": 24999, "reached": true, "passes": 1, "seconds": 0.34, "boundary_edges_after_weld": 13488, "components": 722, "hausdorff_max_pct": 0.2012, "hausdorff_mean_pct": 0.0178}
{"id": "prop_trade_camel_standing", "cond": "S", "input_vertices": 37188, "input_faces": 49998, "target_frac": 0.25, "target": 12500, "faces": 12500, "reached": true, "passes": 1, "seconds": 0.48, "boundary_edges_after_weld": 11146, "components": 1131, "hausdorff_max_pct": 0.4163, "hausdorff_mean_pct": 0.0405}
{"id": "prop_trade_camel_standing", "cond": "S", "input_vertices": 37188, "input_faces": 49998, "target_frac": 0.125, "target": 6250, "faces": 6250, "reached": true, "passes": 1, "seconds": 0.57, "boundary_edges_after_weld": 8239, "components": 1211, "hausdorff_max_pct": 0.9845, "hausdorff_mean_pct": 0.0857}
{"id": "prop_trade_camel_standing", "cond": "S", "input_vertices": 37188, "input_faces": 49998, "target_frac": 0.0625, "target": 3125, "faces": 3125, "reached": true, "passes": 2, "seconds": 0.67, "boundary_edges_after_weld": 5525, "components": 1261, "hausdorff_max_pct": 4.393, "hausdorff_mean_pct": 0.2642}
{"id": "prop_trade_camel_standing", "cond": "W", "input_vertices": 24903, "input_faces": 49998, "target_frac": 0.5, "target": 24999, "faces": 24998, "reached": true, "passes": 1, "seconds": 0.34, "boundary_edges_after_weld": 0, "components": 1, "hausdorff_max_pct": 0.3429, "hausdorff_mean_pct": 0.0217}
{"id": "prop_trade_camel_standing", "cond": "W", "input_vertices": 24903, "input_faces": 49998, "target_frac": 0.25, "target": 12500, "faces": 12500, "reached": true, "passes": 1, "seconds": 0.5, "boundary_edges_after_weld": 0, "components": 1, "hausdorff_max_pct": 0.4754, "hausdorff_mean_pct": 0.0482}
{"id": "prop_trade_camel_standing", "cond": "W", "input_vertices": 24903, "input_faces": 49998, "target_frac": 0.125, "target": 6250, "faces": 6250, "reached": true, "passes": 1, "seconds": 0.53, "boundary_edges_after_weld": 0, "components": 1, "hausdorff_max_pct": 0.8133, "hausdorff_mean_pct": 0.091}
{"id": "prop_trade_camel_standing", "cond": "W", "input_vertices": 24903, "input_faces": 49998, "target_frac": 0.0625, "target": 3125, "faces": 3124, "reached": true, "passes": 1, "seconds": 0.55, "boundary_edges_after_weld": 0, "components": 1, "hausdorff_max_pct": 1.5007, "hausdorff_mean_pct": 0.165}
{"id": "prop_trade_camel_standing", "cond": "N", "input_vertices": 24903, "input_faces": 49998, "target_frac": 0.5, "target": 24999, "faces": 24998, "reached": true, "passes": 1, "seconds": 0.43, "boundary_edges_after_weld": 0, "components": 1, "hausdorff_max_pct": 0.5265, "hausdorff_mean_pct": 0.0168}
{"id": "prop_trade_camel_standing", "cond": "N", "input_vertices": 24903, "input_faces": 49998, "target_frac": 0.25, "target": 12500, "faces": 12500, "reached": true, "passes": 1, "seconds": 0.57, "boundary_edges_after_weld": 0, "components": 1, "hausdorff_max_pct": 0.5054, "hausdorff_mean_pct": 0.0347}
{"id": "prop_trade_camel_standing", "cond": "N", "input_vertices": 24903, "input_faces": 49998, "target_frac": 0.125, "target": 6250, "faces": 6250, "reached": true, "passes": 1, "seconds": 0.61, "boundary_edges_after_weld": 0, "components": 2, "hausdorff_max_pct": 0.8945, "hausdorff_mean_pct": 0.0658}
{"id": "prop_trade_camel_standing", "cond": "N", "input_vertices": 24903, "input_faces": 49998, "target_frac": 0.0625, "target": 3125, "faces": 3124, "reached": true, "passes": 1, "seconds": 0.66, "boundary_edges_after_weld": 0, "components": 3, "hausdorff_max_pct": 1.09, "hausdorff_mean_pct": 0.129}
{"id": "prop_trade_camel_standing_b", "cond": "S", "input_vertices": 42963, "input_faces": 49924, "target_frac": 0.5, "target": 24962, "faces": 24962, "reached": true, "passes": 1, "seconds": 0.35, "boundary_edges_after_weld": 18439, "components": 1476, "hausdorff_max_pct": 0.3273, "hausdorff_mean_pct": 0.0215}
{"id": "prop_trade_camel_standing_b", "cond": "S", "input_vertices": 42963, "input_faces": 49924, "target_frac": 0.25, "target": 12481, "faces": 12480, "reached": true, "passes": 1, "seconds": 0.51, "boundary_edges_after_weld": 15063, "components": 2137, "hausdorff_max_pct": 0.7179, "hausdorff_mean_pct": 0.0508}
{"id": "prop_trade_camel_standing_b", "cond": "S", "input_vertices": 42963, "input_faces": 49924, "target_frac": 0.125, "target": 6240, "faces": 6240, "reached": true, "passes": 2, "seconds": 0.67, "boundary_edges_after_weld": 10682, "components": 2333, "hausdorff_max_pct": 3.1976, "hausdorff_mean_pct": 0.1237}
{"id": "prop_trade_camel_standing_b", "cond": "S", "input_vertices": 42963, "input_faces": 49924, "target_frac": 0.0625, "target": 3120, "faces": 4340, "reached": false, "passes": 3, "seconds": 0.71, "boundary_edges_after_weld": 8966, "components": 2376, "hausdorff_max_pct": 3.7099, "hausdorff_mean_pct": 0.2434}
{"id": "prop_trade_camel_standing_b", "cond": "W", "input_vertices": 24470, "input_faces": 49924, "target_frac": 0.5, "target": 24962, "faces": 24962, "reached": true, "passes": 1, "seconds": 0.35, "boundary_edges_after_weld": 0, "components": 1, "hausdorff_max_pct": 0.388, "hausdorff_mean_pct": 0.0302}
{"id": "prop_trade_camel_standing_b", "cond": "W", "input_vertices": 24470, "input_faces": 49924, "target_frac": 0.25, "target": 12481, "faces": 12480, "reached": true, "passes": 1, "seconds": 0.5, "boundary_edges_after_weld": 0, "components": 1, "hausdorff_max_pct": 1.0237, "hausdorff_mean_pct": 0.0706}
{"id": "prop_trade_camel_standing_b", "cond": "W", "input_vertices": 24470, "input_faces": 49924, "target_frac": 0.125, "target": 6240, "faces": 6240, "reached": true, "passes": 1, "seconds": 0.57, "boundary_edges_after_weld": 0, "components": 1, "hausdorff_max_pct": 1.7295, "hausdorff_mean_pct": 0.1436}
{"id": "prop_trade_camel_standing_b", "cond": "W", "input_vertices": 24470, "input_faces": 49924, "target_frac": 0.0625, "target": 3120, "faces": 3120, "reached": true, "passes": 1, "seconds": 0.65, "boundary_edges_after_weld": 0, "components": 1, "hausdorff_max_pct": 5.6714, "hausdorff_mean_pct": 0.63}
{"id": "prop_trade_camel_standing_b", "cond": "N", "input_vertices": 24470, "input_faces": 49924, "target_frac": 0.5, "target": 24962, "faces": 24962, "reached": true, "passes": 1, "seconds": 0.42, "boundary_edges_after_weld": 0, "components": 1, "hausdorff_max_pct": 0.8052, "hausdorff_mean_pct": 0.0235}
{"id": "prop_trade_camel_standing_b", "cond": "N", "input_vertices": 24470, "input_faces": 49924, "target_frac": 0.25, "target": 12481, "faces": 12480, "reached": true, "passes": 1, "seconds": 0.56, "boundary_edges_after_weld": 0, "components": 1, "hausdorff_max_pct": 1.2574, "hausdorff_mean_pct": 0.0506}
{"id": "prop_trade_camel_standing_b", "cond": "N", "input_vertices": 24470, "input_faces": 49924, "target_frac": 0.125, "target": 6240, "faces": 6240, "reached": true, "passes": 1, "seconds": 0.64, "boundary_edges_after_weld": 0, "components": 1, "hausdorff_max_pct": 1.5927, "hausdorff_mean_pct": 0.0951}
{"id": "prop_trade_camel_standing_b", "cond": "N", "input_vertices": 24470, "input_faces": 49924, "target_frac": 0.0625, "target": 3120, "faces": 3120, "reached": true, "passes": 1, "seconds": 0.67, "boundary_edges_after_weld": 0, "components": 5, "hausdorff_max_pct": 1.5979, "hausdorff_mean_pct": 0.1731}
{"id": "prop_trade_cart", "cond": "S", "input_vertices": 39300, "input_faces": 49998, "target_frac": 0.5, "target": 24999, "faces": 24999, "reached": true, "passes": 1, "seconds": 0.34, "boundary_edges_after_weld": 15374, "components": 1049, "hausdorff_max_pct": 0.3216, "hausdorff_mean_pct": 0.0203}
{"id": "prop_trade_cart", "cond": "S", "input_vertices": 39300, "input_faces": 49998, "target_frac": 0.25, "target": 12500, "faces": 12499, "reached": true, "passes": 1, "seconds": 0.49, "boundary_edges_after_weld": 12355, "components": 1482, "hausdorff_max_pct": 0.5779, "hausdorff_mean_pct": 0.0464}
{"id": "prop_trade_cart", "cond": "S", "input_vertices": 39300, "input_faces": 49998, "target_frac": 0.125, "target": 6250, "faces": 6250, "reached": true, "passes": 1, "seconds": 0.56, "boundary_edges_after_weld": 9292, "components": 1609, "hausdorff_max_pct": 1.4119, "hausdorff_mean_pct": 0.0992}
{"id": "prop_trade_cart", "cond": "S", "input_vertices": 39300, "input_faces": 49998, "target_frac": 0.0625, "target": 3125, "faces": 3178, "reached": true, "passes": 3, "seconds": 0.67, "boundary_edges_after_weld": 6471, "components": 1683, "hausdorff_max_pct": 3.7504, "hausdorff_mean_pct": 0.2838}
{"id": "prop_trade_cart", "cond": "W", "input_vertices": 24801, "input_faces": 49998, "target_frac": 0.5, "target": 24999, "faces": 24998, "reached": true, "passes": 1, "seconds": 0.35, "boundary_edges_after_weld": 0, "components": 1, "hausdorff_max_pct": 0.2905, "hausdorff_mean_pct": 0.0252}
{"id": "prop_trade_cart", "cond": "W", "input_vertices": 24801, "input_faces": 49998, "target_frac": 0.25, "target": 12500, "faces": 12500, "reached": true, "passes": 1, "seconds": 0.48, "boundary_edges_after_weld": 0, "components": 1, "hausdorff_max_pct": 0.8414, "hausdorff_mean_pct": 0.054}
{"id": "prop_trade_cart", "cond": "W", "input_vertices": 24801, "input_faces": 49998, "target_frac": 0.125, "target": 6250, "faces": 6250, "reached": true, "passes": 1, "seconds": 0.56, "boundary_edges_after_weld": 0, "components": 1, "hausdorff_max_pct": 0.8532, "hausdorff_mean_pct": 0.1007}
{"id": "prop_trade_cart", "cond": "W", "input_vertices": 24801, "input_faces": 49998, "target_frac": 0.0625, "target": 3125, "faces": 3124, "reached": true, "passes": 1, "seconds": 0.59, "boundary_edges_after_weld": 0, "components": 1, "hausdorff_max_pct": 1.8305, "hausdorff_mean_pct": 0.1851}
{"id": "prop_trade_cart", "cond": "N", "input_vertices": 24801, "input_faces": 49998, "target_frac": 0.5, "target": 24999, "faces": 24998, "reached": true, "passes": 1, "seconds": 0.42, "boundary_edges_after_weld": 0, "components": 1, "hausdorff_max_pct": 0.3419, "hausdorff_mean_pct": 0.0186}
{"id": "prop_trade_cart", "cond": "N", "input_vertices": 24801, "input_faces": 49998, "target_frac": 0.25, "target": 12500, "faces": 12500, "reached": true, "passes": 1, "seconds": 0.55, "boundary_edges_after_weld": 0, "components": 1, "hausdorff_max_pct": 0.6877, "hausdorff_mean_pct": 0.0402}
{"id": "prop_trade_cart", "cond": "N", "input_vertices": 24801, "input_faces": 49998, "target_frac": 0.125, "target": 6250, "faces": 6250, "reached": true, "passes": 1, "seconds": 0.65, "boundary_edges_after_weld": 0, "components": 1, "hausdorff_max_pct": 1.043, "hausdorff_mean_pct": 0.0775}
{"id": "prop_trade_cart", "cond": "N", "input_vertices": 24801, "input_faces": 49998, "target_frac": 0.0625, "target": 3125, "faces": 3124, "reached": true, "passes": 1, "seconds": 0.7, "boundary_edges_after_weld": 0, "components": 1, "hausdorff_max_pct": 5.5288, "hausdorff_mean_pct": 0.1572}
{"id": "prop_trade_horse", "cond": "S", "input_vertices": 39480, "input_faces": 49996, "target_frac": 0.5, "target": 24998, "faces": 24998, "reached": true, "passes": 1, "seconds": 0.36, "boundary_edges_after_weld": 15616, "components": 1084, "hausdorff_max_pct": 0.327, "hausdorff_mean_pct": 0.019}
{"id": "prop_trade_horse", "cond": "S", "input_vertices": 39480, "input_faces": 49996, "target_frac": 0.25, "target": 12499, "faces": 12498, "reached": true, "passes": 1, "seconds": 0.49, "boundary_edges_after_weld": 12785, "components": 1557, "hausdorff_max_pct": 0.6047, "hausdorff_mean_pct": 0.0447}
{"id": "prop_trade_horse", "cond": "S", "input_vertices": 39480, "input_faces": 49996, "target_frac": 0.125, "target": 6250, "faces": 6250, "reached": true, "passes": 1, "seconds": 0.58, "boundary_edges_after_weld": 9378, "components": 1649, "hausdorff_max_pct": 1.7798, "hausdorff_mean_pct": 0.1054}
{"id": "prop_trade_horse", "cond": "S", "input_vertices": 39480, "input_faces": 49996, "target_frac": 0.0625, "target": 3125, "faces": 3174, "reached": true, "passes": 3, "seconds": 0.67, "boundary_edges_after_weld": 6533, "components": 1709, "hausdorff_max_pct": 3.9403, "hausdorff_mean_pct": 0.3106}
{"id": "prop_trade_horse", "cond": "W", "input_vertices": 24914, "input_faces": 49996, "target_frac": 0.5, "target": 24998, "faces": 24998, "reached": true, "passes": 1, "seconds": 0.33, "boundary_edges_after_weld": 0, "components": 1, "hausdorff_max_pct": 0.3589, "hausdorff_mean_pct": 0.0243}
{"id": "prop_trade_horse", "cond": "W", "input_vertices": 24914, "input_faces": 49996, "target_frac": 0.25, "target": 12499, "faces": 12498, "reached": true, "passes": 1, "seconds": 0.47, "boundary_edges_after_weld": 0, "components": 1, "hausdorff_max_pct": 0.8355, "hausdorff_mean_pct": 0.056}
{"id": "prop_trade_horse", "cond": "W", "input_vertices": 24914, "input_faces": 49996, "target_frac": 0.125, "target": 6250, "faces": 6250, "reached": true, "passes": 1, "seconds": 0.55, "boundary_edges_after_weld": 0, "components": 1, "hausdorff_max_pct": 1.0237, "hausdorff_mean_pct": 0.1084}
{"id": "prop_trade_horse", "cond": "W", "input_vertices": 24914, "input_faces": 49996, "target_frac": 0.0625, "target": 3125, "faces": 3124, "reached": true, "passes": 1, "seconds": 0.57, "boundary_edges_after_weld": 0, "components": 1, "hausdorff_max_pct": 1.6984, "hausdorff_mean_pct": 0.1888}
{"id": "prop_trade_horse", "cond": "N", "input_vertices": 24914, "input_faces": 49996, "target_frac": 0.5, "target": 24998, "faces": 24998, "reached": true, "passes": 1, "seconds": 0.42, "boundary_edges_after_weld": 0, "components": 1, "hausdorff_max_pct": 0.6141, "hausdorff_mean_pct": 0.0191}
{"id": "prop_trade_horse", "cond": "N", "input_vertices": 24914, "input_faces": 49996, "target_frac": 0.25, "target": 12499, "faces": 12498, "reached": true, "passes": 1, "seconds": 0.54, "boundary_edges_after_weld": 0, "components": 1, "hausdorff_max_pct": 1.0471, "hausdorff_mean_pct": 0.0408}
{"id": "prop_trade_horse", "cond": "N", "input_vertices": 24914, "input_faces": 49996, "target_frac": 0.125, "target": 6250, "faces": 6250, "reached": true, "passes": 1, "seconds": 0.75, "boundary_edges_after_weld": 0, "components": 2, "hausdorff_max_pct": 1.1743, "hausdorff_mean_pct": 0.079}
{"id": "prop_trade_horse", "cond": "N", "input_vertices": 24914, "input_faces": 49996, "target_frac": 0.0625, "target": 3125, "faces": 3124, "reached": true, "passes": 1, "seconds": 0.75, "boundary_edges_after_weld": 0, "components": 2, "hausdorff_max_pct": 3.3529, "hausdorff_mean_pct": 0.1516}
{"id": "prop_trade_milestone", "cond": "S", "input_vertices": 35754, "input_faces": 49726, "target_frac": 0.5, "target": 24863, "faces": 24862, "reached": true, "passes": 1, "seconds": 0.33, "boundary_edges_after_weld": 11460, "components": 656, "hausdorff_max_pct": 0.133, "hausdorff_mean_pct": 0.0092}
{"id": "prop_trade_milestone", "cond": "S", "input_vertices": 35754, "input_faces": 49726, "target_frac": 0.25, "target": 12432, "faces": 12432, "reached": true, "passes": 1, "seconds": 0.51, "boundary_edges_after_weld": 10134, "components": 1033, "hausdorff_max_pct": 0.3076, "hausdorff_mean_pct": 0.0209}
{"id": "prop_trade_milestone", "cond": "S", "input_vertices": 35754, "input_faces": 49726, "target_frac": 0.125, "target": 6216, "faces": 6216, "reached": true, "passes": 1, "seconds": 0.66, "boundary_edges_after_weld": 7991, "components": 1152, "hausdorff_max_pct": 1.1178, "hausdorff_mean_pct": 0.0499}
{"id": "prop_trade_milestone", "cond": "S", "input_vertices": 35754, "input_faces": 49726, "target_frac": 0.0625, "target": 3108, "faces": 3107, "reached": true, "passes": 3, "seconds": 0.72, "boundary_edges_after_weld": 5696, "components": 1355, "hausdorff_max_pct": 4.3296, "hausdorff_mean_pct": 0.1774}
{"id": "prop_trade_milestone", "cond": "W", "input_vertices": 24745, "input_faces": 49726, "target_frac": 0.5, "target": 24863, "faces": 24862, "reached": true, "passes": 1, "seconds": 0.33, "boundary_edges_after_weld": 0, "components": 2, "hausdorff_max_pct": 0.1112, "hausdorff_mean_pct": 0.0101}
{"id": "prop_trade_milestone", "cond": "W", "input_vertices": 24745, "input_faces": 49726, "target_frac": 0.25, "target": 12432, "faces": 12432, "reached": true, "passes": 1, "seconds": 0.45, "boundary_edges_after_weld": 0, "components": 2, "hausdorff_max_pct": 0.2651, "hausdorff_mean_pct": 0.0225}
{"id": "prop_trade_milestone", "cond": "W", "input_vertices": 24745, "input_faces": 49726, "target_frac": 0.125, "target": 6216, "faces": 6216, "reached": true, "passes": 1, "seconds": 0.5, "boundary_edges_after_weld": 0, "components": 2, "hausdorff_max_pct": 0.4636, "hausdorff_mean_pct": 0.0434}
{"id": "prop_trade_milestone", "cond": "W", "input_vertices": 24745, "input_faces": 49726, "target_frac": 0.0625, "target": 3108, "faces": 3108, "reached": true, "passes": 1, "seconds": 0.51, "boundary_edges_after_weld": 0, "components": 2, "hausdorff_max_pct": 0.9621, "hausdorff_mean_pct": 0.0877}
{"id": "prop_trade_milestone", "cond": "N", "input_vertices": 24745, "input_faces": 49726, "target_frac": 0.5, "target": 24863, "faces": 24862, "reached": true, "passes": 1, "seconds": 0.39, "boundary_edges_after_weld": 0, "components": 2, "hausdorff_max_pct": 0.1313, "hausdorff_mean_pct": 0.007}
{"id": "prop_trade_milestone", "cond": "N", "input_vertices": 24745, "input_faces": 49726, "target_frac": 0.25, "target": 12432, "faces": 12432, "reached": true, "passes": 1, "seconds": 0.58, "boundary_edges_after_weld": 0, "components": 3, "hausdorff_max_pct": 0.148, "hausdorff_mean_pct": 0.0161}
{"id": "prop_trade_milestone", "cond": "N", "input_vertices": 24745, "input_faces": 49726, "target_frac": 0.125, "target": 6216, "faces": 6216, "reached": true, "passes": 1, "seconds": 0.6, "boundary_edges_after_weld": 0, "components": 3, "hausdorff_max_pct": 0.2285, "hausdorff_mean_pct": 0.0298}
{"id": "prop_trade_milestone", "cond": "N", "input_vertices": 24745, "input_faces": 49726, "target_frac": 0.0625, "target": 3108, "faces": 3108, "reached": true, "passes": 1, "seconds": 0.63, "boundary_edges_after_weld": 0, "components": 2, "hausdorff_max_pct": 0.4273, "hausdorff_mean_pct": 0.053}
{"id": "prop_trade_silk_bolts", "cond": "S", "input_vertices": 34117, "input_faces": 49976, "target_frac": 0.5, "target": 24988, "faces": 24988, "reached": true, "passes": 1, "seconds": 0.3, "boundary_edges_after_weld": 10538, "components": 530, "hausdorff_max_pct": 0.3205, "hausdorff_mean_pct": 0.0268}
{"id": "prop_trade_silk_bolts", "cond": "S", "input_vertices": 34117, "input_faces": 49976, "target_frac": 0.25, "target": 12494, "faces": 12493, "reached": true, "passes": 1, "seconds": 0.45, "boundary_edges_after_weld": 8918, "components": 836, "hausdorff_max_pct": 0.5868, "hausdorff_mean_pct": 0.0567}
{"id": "prop_trade_silk_bolts", "cond": "S", "input_vertices": 34117, "input_faces": 49976, "target_frac": 0.125, "target": 6247, "faces": 6247, "reached": true, "passes": 1, "seconds": 0.54, "boundary_edges_after_weld": 7018, "components": 907, "hausdorff_max_pct": 1.3166, "hausdorff_mean_pct": 0.099}
{"id": "prop_trade_silk_bolts", "cond": "S", "input_vertices": 34117, "input_faces": 49976, "target_frac": 0.0625, "target": 3124, "faces": 3124, "reached": true, "passes": 2, "seconds": 0.56, "boundary_edges_after_weld": 4855, "components": 965, "hausdorff_max_pct": 3.6213, "hausdorff_mean_pct": 0.2451}
{"id": "prop_trade_silk_bolts", "cond": "W", "input_vertices": 24942, "input_faces": 49976, "target_frac": 0.5, "target": 24988, "faces": 24988, "reached": true, "passes": 1, "seconds": 0.29, "boundary_edges_after_weld": 0, "components": 1, "hausdorff_max_pct": 0.4064, "hausdorff_mean_pct": 0.0314}
{"id": "prop_trade_silk_bolts", "cond": "W", "input_vertices": 24942, "input_faces": 49976, "target_frac": 0.25, "target": 12494, "faces": 12494, "reached": true, "passes": 1, "seconds": 0.51, "boundary_edges_after_weld": 0, "components": 1, "hausdorff_max_pct": 0.495, "hausdorff_mean_pct": 0.0621}
{"id": "prop_trade_silk_bolts", "cond": "W", "input_vertices": 24942, "input_faces": 49976, "target_frac": 0.125, "target": 6247, "faces": 6246, "reached": true, "passes": 1, "seconds": 0.5, "boundary_edges_after_weld": 0, "components": 1, "hausdorff_max_pct": 1.469, "hausdorff_mean_pct": 0.1011}
{"id": "prop_trade_silk_bolts", "cond": "W", "input_vertices": 24942, "input_faces": 49976, "target_frac": 0.0625, "target": 3124, "faces": 3124, "reached": true, "passes": 1, "seconds": 0.6, "boundary_edges_after_weld": 0, "components": 1, "hausdorff_max_pct": 2.0845, "hausdorff_mean_pct": 0.1625}
{"id": "prop_trade_silk_bolts", "cond": "N", "input_vertices": 24942, "input_faces": 49976, "target_frac": 0.5, "target": 24988, "faces": 24988, "reached": true, "passes": 1, "seconds": 0.39, "boundary_edges_after_weld": 0, "components": 1, "hausdorff_max_pct": 0.4936, "hausdorff_mean_pct": 0.0237}
{"id": "prop_trade_silk_bolts", "cond": "N", "input_vertices": 24942, "input_faces": 49976, "target_frac": 0.25, "target": 12494, "faces": 12494, "reached": true, "passes": 1, "seconds": 0.58, "boundary_edges_after_weld": 0, "components": 1, "hausdorff_max_pct": 0.486, "hausdorff_mean_pct": 0.0486}
{"id": "prop_trade_silk_bolts", "cond": "N", "input_vertices": 24942, "input_faces": 49976, "target_frac": 0.125, "target": 6247, "faces": 6246, "reached": true, "passes": 1, "seconds": 0.6, "boundary_edges_after_weld": 0, "components": 1, "hausdorff_max_pct": 0.6266, "hausdorff_mean_pct": 0.0749}
{"id": "prop_trade_silk_bolts", "cond": "N", "input_vertices": 24942, "input_faces": 49976, "target_frac": 0.0625, "target": 3124, "faces": 3124, "reached": true, "passes": 1, "seconds": 0.64, "boundary_edges_after_weld": 0, "components": 1, "hausdorff_max_pct": 1.4877, "hausdorff_mean_pct": 0.1141}
{"id": "prop_trade_spice_sacks", "cond": "S", "input_vertices": 32480, "input_faces": 49992, "target_frac": 0.5, "target": 24996, "faces": 24995, "reached": true, "passes": 1, "seconds": 0.3, "boundary_edges_after_weld": 8677, "components": 252, "hausdorff_max_pct": 0.2932, "hausdorff_mean_pct": 0.013}
{"id": "prop_trade_spice_sacks", "cond": "S", "input_vertices": 32480, "input_faces": 49992, "target_frac": 0.25, "target": 12498, "faces": 12497, "reached": true, "passes": 1, "seconds": 0.41, "boundary_edges_after_weld": 7556, "components": 533, "hausdorff_max_pct": 0.3258, "hausdorff_mean_pct": 0.0296}
{"id": "prop_trade_spice_sacks", "cond": "S", "input_vertices": 32480, "input_faces": 49992, "target_frac": 0.125, "target": 6249, "faces": 6249, "reached": true, "passes": 1, "seconds": 0.54, "boundary_edges_after_weld": 5778, "components": 590, "hausdorff_max_pct": 0.5562, "hausdorff_mean_pct": 0.0603}
{"id": "prop_trade_spice_sacks", "cond": "S", "input_vertices": 32480, "input_faces": 49992, "target_frac": 0.0625, "target": 3124, "faces": 3124, "reached": true, "passes": 1, "seconds": 0.54, "boundary_edges_after_weld": 4228, "components": 618, "hausdorff_max_pct": 3.1754, "hausdorff_mean_pct": 0.206}
{"id": "prop_trade_spice_sacks", "cond": "W", "input_vertices": 24872, "input_faces": 49992, "target_frac": 0.5, "target": 24996, "faces": 24996, "reached": true, "passes": 1, "seconds": 0.31, "boundary_edges_after_weld": 0, "components": 1, "hausdorff_max_pct": 0.2746, "hausdorff_mean_pct": 0.0143}
{"id": "prop_trade_spice_sacks", "cond": "W", "input_vertices": 24872, "input_faces": 49992, "target_frac": 0.25, "target": 12498, "faces": 12498, "reached": true, "passes": 1, "seconds": 0.42, "boundary_edges_after_weld": 0, "components": 1, "hausdorff_max_pct": 0.4798, "hausdorff_mean_pct": 0.0336}
{"id": "prop_trade_spice_sacks", "cond": "W", "input_vertices": 24872, "input_faces": 49992, "target_frac": 0.125, "target": 6249, "faces": 6248, "reached": true, "passes": 1, "seconds": 0.53, "boundary_edges_after_weld": 0, "components": 1, "hausdorff_max_pct": 0.6014, "hausdorff_mean_pct": 0.0685}
{"id": "prop_trade_spice_sacks", "cond": "W", "input_vertices": 24872, "input_faces": 49992, "target_frac": 0.0625, "target": 3124, "faces": 3124, "reached": true, "passes": 1, "seconds": 0.49, "boundary_edges_after_weld": 0, "components": 1, "hausdorff_max_pct": 0.8756, "hausdorff_mean_pct": 0.1368}
{"id": "prop_trade_spice_sacks", "cond": "N", "input_vertices": 24872, "input_faces": 49992, "target_frac": 0.5, "target": 24996, "faces": 24996, "reached": true, "passes": 1, "seconds": 0.38, "boundary_edges_after_weld": 0, "components": 1, "hausdorff_max_pct": 0.5172, "hausdorff_mean_pct": 0.0123}
{"id": "prop_trade_spice_sacks", "cond": "N", "input_vertices": 24872, "input_faces": 49992, "target_frac": 0.25, "target": 12498, "faces": 12498, "reached": true, "passes": 1, "seconds": 0.56, "boundary_edges_after_weld": 0, "components": 1, "hausdorff_max_pct": 0.5926, "hausdorff_mean_pct": 0.027}
{"id": "prop_trade_spice_sacks", "cond": "N", "input_vertices": 24872, "input_faces": 49992, "target_frac": 0.125, "target": 6249, "faces": 6248, "reached": true, "passes": 1, "seconds": 0.58, "boundary_edges_after_weld": 0, "components": 1, "hausdorff_max_pct": 0.5408, "hausdorff_mean_pct": 0.0496}
{"id": "prop_trade_spice_sacks", "cond": "N", "input_vertices": 24872, "input_faces": 49992, "target_frac": 0.0625, "target": 3124, "faces": 3124, "reached": true, "passes": 1, "seconds": 0.62, "boundary_edges_after_weld": 0, "components": 1, "hausdorff_max_pct": 1.3842, "hausdorff_mean_pct": 0.0959}
{"id": "prop_trade_stupa", "cond": "S", "input_vertices": 34070, "input_faces": 50124, "target_frac": 0.5, "target": 25062, "faces": 25061, "reached": true, "passes": 1, "seconds": 0.29, "boundary_edges_after_weld": 10651, "components": 321, "hausdorff_max_pct": 0.1694, "hausdorff_mean_pct": 0.0134}
{"id": "prop_trade_stupa", "cond": "S", "input_vertices": 34070, "input_faces": 50124, "target_frac": 0.25, "target": 12531, "faces": 12531, "reached": true, "passes": 1, "seconds": 0.43, "boundary_edges_after_weld": 8885, "components": 607, "hausdorff_max_pct": 0.4187, "hausdorff_mean_pct": 0.0309}
{"id": "prop_trade_stupa", "cond": "S", "input_vertices": 34070, "input_faces": 50124, "target_frac": 0.125, "target": 6266, "faces": 6266, "reached": true, "passes": 1, "seconds": 0.48, "boundary_edges_after_weld": 6730, "components": 683, "hausdorff_max_pct": 0.7138, "hausdorff_mean_pct": 0.0595}
{"id": "prop_trade_stupa", "cond": "S", "input_vertices": 34070, "input_faces": 50124, "target_frac": 0.0625, "target": 3133, "faces": 3133, "reached": true, "passes": 2, "seconds": 0.55, "boundary_edges_after_weld": 4520, "components": 750, "hausdorff_max_pct": 8.3105, "hausdorff_mean_pct": 0.1565}
{"id": "prop_trade_stupa", "cond": "W", "input_vertices": 25066, "input_faces": 50124, "target_frac": 0.5, "target": 25062, "faces": 25062, "reached": true, "passes": 1, "seconds": 0.28, "boundary_edges_after_weld": 0, "components": 2, "hausdorff_max_pct": 0.1761, "hausdorff_mean_pct": 0.0149}
{"id": "prop_trade_stupa", "cond": "W", "input_vertices": 25066, "input_faces": 50124, "target_frac": 0.25, "target": 12531, "faces": 12530, "reached": true, "passes": 1, "seconds": 0.47, "boundary_edges_after_weld": 0, "components": 2, "hausdorff_max_pct": 0.3904, "hausdorff_mean_pct": 0.0328}
{"id": "prop_trade_stupa", "cond": "W", "input_vertices": 25066, "input_faces": 50124, "target_frac": 0.125, "target": 6266, "faces": 6266, "reached": true, "passes": 1, "seconds": 0.49, "boundary_edges_after_weld": 0, "components": 2, "hausdorff_max_pct": 0.6841, "hausdorff_mean_pct": 0.0608}
{"id": "prop_trade_stupa", "cond": "W", "input_vertices": 25066, "input_faces": 50124, "target_frac": 0.0625, "target": 3133, "faces": 3132, "reached": true, "passes": 1, "seconds": 0.51, "boundary_edges_after_weld": 0, "components": 2, "hausdorff_max_pct": 0.8004, "hausdorff_mean_pct": 0.1142}
{"id": "prop_trade_stupa", "cond": "N", "input_vertices": 25066, "input_faces": 50124, "target_frac": 0.5, "target": 25062, "faces": 25062, "reached": true, "passes": 1, "seconds": 0.41, "boundary_edges_after_weld": 0, "components": 2, "hausdorff_max_pct": 0.1162, "hausdorff_mean_pct": 0.0116}
{"id": "prop_trade_stupa", "cond": "N", "input_vertices": 25066, "input_faces": 50124, "target_frac": 0.25, "target": 12531, "faces": 12530, "reached": true, "passes": 1, "seconds": 0.54, "boundary_edges_after_weld": 0, "components": 2, "hausdorff_max_pct": 0.5153, "hausdorff_mean_pct": 0.028}
{"id": "prop_trade_stupa", "cond": "N", "input_vertices": 25066, "input_faces": 50124, "target_frac": 0.125, "target": 6266, "faces": 6266, "reached": true, "passes": 1, "seconds": 0.64, "boundary_edges_after_weld": 0, "components": 2, "hausdorff_max_pct": 0.5148, "hausdorff_mean_pct": 0.0523}
{"id": "prop_trade_stupa", "cond": "N", "input_vertices": 25066, "input_faces": 50124, "target_frac": 0.0625, "target": 3133, "faces": 3132, "reached": true, "passes": 1, "seconds": 0.61, "boundary_edges_after_weld": 0, "components": 5, "hausdorff_max_pct": 0.8268, "hausdorff_mean_pct": 0.0919}
{"id": "xuanji_raw", "cond": "S", "input_vertices": 306307, "input_faces": 497850, "target_frac": 0.5, "target": 248925, "faces": 248924, "reached": true, "passes": 1, "seconds": 3.88, "boundary_edges_after_weld": 63285, "components": 2437, "hausdorff_max_pct": 0.0605, "hausdorff_mean_pct": 0.0022}
{"id": "xuanji_raw", "cond": "S", "input_vertices": 306307, "input_faces": 497850, "target_frac": 0.25, "target": 124462, "faces": 124461, "reached": true, "passes": 1, "seconds": 5.87, "boundary_edges_after_weld": 55257, "components": 3513, "hausdorff_max_pct": 0.0792, "hausdorff_mean_pct": 0.0044}
{"id": "xuanji_raw", "cond": "S", "input_vertices": 306307, "input_faces": 497850, "target_frac": 0.125, "target": 62231, "faces": 62231, "reached": true, "passes": 1, "seconds": 6.6, "boundary_edges_after_weld": 43524, "components": 3818, "hausdorff_max_pct": 0.1569, "hausdorff_mean_pct": 0.008}
{"id": "xuanji_raw", "cond": "S", "input_vertices": 306307, "input_faces": 497850, "target_frac": 0.0625, "target": 31116, "faces": 31116, "reached": true, "passes": 1, "seconds": 7.2, "boundary_edges_after_weld": 34624, "components": 3872, "hausdorff_max_pct": 0.4156, "hausdorff_mean_pct": 0.0202}
{"id": "xuanji_raw", "cond": "W", "input_vertices": 248719, "input_faces": 497850, "target_frac": 0.5, "target": 248925, "faces": 248924, "reached": true, "passes": 1, "seconds": 4.01, "boundary_edges_after_weld": 0, "components": 1, "hausdorff_max_pct": 0.0774, "hausdorff_mean_pct": 0.002}
{"id": "xuanji_raw", "cond": "W", "input_vertices": 248719, "input_faces": 497850, "target_frac": 0.25, "target": 124462, "faces": 124462, "reached": true, "passes": 1, "seconds": 5.77, "boundary_edges_after_weld": 0, "components": 1, "hausdorff_max_pct": 0.1161, "hausdorff_mean_pct": 0.0043}
{"id": "xuanji_raw", "cond": "W", "input_vertices": 248719, "input_faces": 497850, "target_frac": 0.125, "target": 62231, "faces": 62230, "reached": true, "passes": 1, "seconds": 6.72, "boundary_edges_after_weld": 0, "components": 1, "hausdorff_max_pct": 0.153, "hausdorff_mean_pct": 0.008}
{"id": "xuanji_raw", "cond": "W", "input_vertices": 248719, "input_faces": 497850, "target_frac": 0.0625, "target": 31116, "faces": 31116, "reached": true, "passes": 1, "seconds": 7.33, "boundary_edges_after_weld": 0, "components": 1, "hausdorff_max_pct": 0.2053, "hausdorff_mean_pct": 0.0143}
{"id": "xuanji_raw", "cond": "N", "input_vertices": 248719, "input_faces": 497850, "target_frac": 0.5, "target": 248925, "faces": 248924, "reached": true, "passes": 1, "seconds": 5.09, "boundary_edges_after_weld": 0, "components": 1, "hausdorff_max_pct": 0.0973, "hausdorff_mean_pct": 0.0013}
{"id": "xuanji_raw", "cond": "N", "input_vertices": 248719, "input_faces": 497850, "target_frac": 0.25, "target": 124462, "faces": 124462, "reached": true, "passes": 1, "seconds": 6.86, "boundary_edges_after_weld": 0, "components": 1, "hausdorff_max_pct": 0.179, "hausdorff_mean_pct": 0.0032}
{"id": "xuanji_raw", "cond": "N", "input_vertices": 248719, "input_faces": 497850, "target_frac": 0.125, "target": 62231, "faces": 62230, "reached": true, "passes": 1, "seconds": 8.38, "boundary_edges_after_weld": 0, "components": 9, "hausdorff_max_pct": 0.2175, "hausdorff_mean_pct": 0.006}
{"id": "xuanji_raw", "cond": "N", "input_vertices": 248719, "input_faces": 497850, "target_frac": 0.0625, "target": 31116, "faces": 31116, "reached": true, "passes": 1, "seconds": 8.47, "boundary_edges_after_weld": 0, "components": 6, "hausdorff_max_pct": 0.2664, "hausdorff_mean_pct": 0.0105}
